[2026-07-20T06:36:04.049+0000] {local_task_job_runner.py:120} INFO - ::group::Pre task execution logs
[2026-07-20T06:36:04.083+0000] {taskinstance.py:2076} INFO - Dependencies all met for dep_context=non-requeueable deps ti=<TaskInstance: minio_to_snowflake_banking.download_minio scheduled__2026-07-20T06:35:00+00:00 [queued]>
[2026-07-20T06:36:04.093+0000] {taskinstance.py:2076} INFO - Dependencies all met for dep_context=requeueable deps ti=<TaskInstance: minio_to_snowflake_banking.download_minio scheduled__2026-07-20T06:35:00+00:00 [queued]>
[2026-07-20T06:36:04.094+0000] {taskinstance.py:2306} INFO - Starting attempt 1 of 2
[2026-07-20T06:36:04.107+0000] {taskinstance.py:2330} INFO - Executing <Task(PythonOperator): download_minio> on 2026-07-20 06:35:00+00:00
[2026-07-20T06:36:04.120+0000] {standard_task_runner.py:90} INFO - Running: ['***', 'tasks', 'run', 'minio_to_snowflake_banking', 'download_minio', 'scheduled__2026-07-20T06:35:00+00:00', '--job-id', '148', '--raw', '--subdir', 'DAGS_FOLDER/minio_to_snowflake.py', '--cfg-path', '/tmp/tmpa3uto8pj']
[2026-07-20T06:36:04.125+0000] {standard_task_runner.py:91} INFO - Job 148: Subtask download_minio
[2026-07-20T06:36:04.125+0000] {logging_mixin.py:188} WARNING - /home/***/.local/lib/python3.12/site-packages/***/task/task_runner/standard_task_runner.py:62 DeprecationWarning: This process (pid=12865) is multi-threaded, use of fork() may lead to deadlocks in the child.
[2026-07-20T06:36:04.126+0000] {standard_task_runner.py:64} INFO - Started process 12876 to run task
[2026-07-20T06:36:04.206+0000] {task_command.py:426} INFO - Running <TaskInstance: minio_to_snowflake_banking.download_minio scheduled__2026-07-20T06:35:00+00:00 [running]> on host a23c440024ac
[2026-07-20T06:36:04.330+0000] {taskinstance.py:2648} INFO - Exporting env vars: AIRFLOW_CTX_DAG_OWNER='***' AIRFLOW_CTX_DAG_ID='minio_to_snowflake_banking' AIRFLOW_CTX_TASK_ID='download_minio' AIRFLOW_CTX_EXECUTION_DATE='2026-07-20T06:35:00+00:00' AIRFLOW_CTX_TRY_NUMBER='1' AIRFLOW_CTX_DAG_RUN_ID='scheduled__2026-07-20T06:35:00+00:00'
[2026-07-20T06:36:04.331+0000] {taskinstance.py:430} INFO - ::endgroup::
[2026-07-20T06:36:04.761+0000] {logging_mixin.py:188} INFO - Downloaded customers/date=2026-07-15/customers_144205759953.parquet -> /tmp/minio_downloads/customers_144205759953.parquet
[2026-07-20T06:36:04.782+0000] {logging_mixin.py:188} INFO - Downloaded customers/date=2026-07-20/customers_115310492559.parquet -> /tmp/minio_downloads/customers_115310492559.parquet
[2026-07-20T06:36:04.837+0000] {logging_mixin.py:188} INFO - Downloaded accounts/date=2026-07-15/accounts_144206008494.parquet -> /tmp/minio_downloads/accounts_144206008494.parquet
[2026-07-20T06:36:04.857+0000] {logging_mixin.py:188} INFO - Downloaded accounts/date=2026-07-15/accounts_144206094658.parquet -> /tmp/minio_downloads/accounts_144206094658.parquet
[2026-07-20T06:36:04.876+0000] {logging_mixin.py:188} INFO - Downloaded accounts/date=2026-07-20/accounts_115310126544.parquet -> /tmp/minio_downloads/accounts_115310126544.parquet
[2026-07-20T06:36:04.898+0000] {logging_mixin.py:188} INFO - Downloaded accounts/date=2026-07-20/accounts_115311006475.parquet -> /tmp/minio_downloads/accounts_115311006475.parquet
[2026-07-20T06:36:04.981+0000] {logging_mixin.py:188} INFO - Downloaded transactions/date=2026-07-15/transactions_144205359683.parquet -> /tmp/minio_downloads/transactions_144205359683.parquet
[2026-07-20T06:36:05.000+0000] {logging_mixin.py:188} INFO - Downloaded transactions/date=2026-07-15/transactions_144205455463.parquet -> /tmp/minio_downloads/transactions_144205455463.parquet
[2026-07-20T06:36:05.021+0000] {logging_mixin.py:188} INFO - Downloaded transactions/date=2026-07-15/transactions_144205548980.parquet -> /tmp/minio_downloads/transactions_144205548980.parquet
[2026-07-20T06:36:05.040+0000] {logging_mixin.py:188} INFO - Downloaded transactions/date=2026-07-15/transactions_144205623989.parquet -> /tmp/minio_downloads/transactions_144205623989.parquet
[2026-07-20T06:36:05.060+0000] {logging_mixin.py:188} INFO - Downloaded transactions/date=2026-07-15/transactions_144205696904.parquet -> /tmp/minio_downloads/transactions_144205696904.parquet
[2026-07-20T06:36:05.077+0000] {logging_mixin.py:188} INFO - Downloaded transactions/date=2026-07-20/transactions_115309842828.parquet -> /tmp/minio_downloads/transactions_115309842828.parquet
[2026-07-20T06:36:05.093+0000] {logging_mixin.py:188} INFO - Downloaded transactions/date=2026-07-20/transactions_115310015497.parquet -> /tmp/minio_downloads/transactions_115310015497.parquet
[2026-07-20T06:36:05.112+0000] {logging_mixin.py:188} INFO - Downloaded transactions/date=2026-07-20/transactions_115310611735.parquet -> /tmp/minio_downloads/transactions_115310611735.parquet
[2026-07-20T06:36:05.129+0000] {logging_mixin.py:188} INFO - Downloaded transactions/date=2026-07-20/transactions_115310770984.parquet -> /tmp/minio_downloads/transactions_115310770984.parquet
[2026-07-20T06:36:05.149+0000] {logging_mixin.py:188} INFO - Downloaded transactions/date=2026-07-20/transactions_115310850567.parquet -> /tmp/minio_downloads/transactions_115310850567.parquet
[2026-07-20T06:36:05.171+0000] {logging_mixin.py:188} INFO - Downloaded transactions/date=2026-07-20/transactions_115310916075.parquet -> /tmp/minio_downloads/transactions_115310916075.parquet
[2026-07-20T06:36:05.172+0000] {python.py:237} INFO - Done. Returned value was: {'customers': ['/tmp/minio_downloads/customers_144205759953.parquet', '/tmp/minio_downloads/customers_115310492559.parquet'], 'accounts': ['/tmp/minio_downloads/accounts_144206008494.parquet', '/tmp/minio_downloads/accounts_144206094658.parquet', '/tmp/minio_downloads/accounts_115310126544.parquet', '/tmp/minio_downloads/accounts_115311006475.parquet'], 'transactions': ['/tmp/minio_downloads/transactions_144205359683.parquet', '/tmp/minio_downloads/transactions_144205455463.parquet', '/tmp/minio_downloads/transactions_144205548980.parquet', '/tmp/minio_downloads/transactions_144205623989.parquet', '/tmp/minio_downloads/transactions_144205696904.parquet', '/tmp/minio_downloads/transactions_115309842828.parquet', '/tmp/minio_downloads/transactions_115310015497.parquet', '/tmp/minio_downloads/transactions_115310611735.parquet', '/tmp/minio_downloads/transactions_115310770984.parquet', '/tmp/minio_downloads/transactions_115310850567.parquet', '/tmp/minio_downloads/transactions_115310916075.parquet']}
[2026-07-20T06:36:05.173+0000] {taskinstance.py:441} INFO - ::group::Post task execution logs
[2026-07-20T06:36:05.211+0000] {taskinstance.py:1206} INFO - Marking task as SUCCESS. dag_id=minio_to_snowflake_banking, task_id=download_minio, run_id=scheduled__2026-07-20T06:35:00+00:00, execution_date=20260720T063500, start_date=20260720T063604, end_date=20260720T063605
[2026-07-20T06:36:05.265+0000] {local_task_job_runner.py:243} INFO - Task exited with return code 0
[2026-07-20T06:36:05.289+0000] {taskinstance.py:3503} INFO - 1 downstream tasks scheduled from follow-on schedule check
[2026-07-20T06:36:05.293+0000] {local_task_job_runner.py:222} INFO - ::endgroup::
