[2026-07-16T05:24:22.189+0000] {local_task_job_runner.py:120} INFO - ::group::Pre task execution logs
[2026-07-16T05:24:22.224+0000] {taskinstance.py:2076} INFO - Dependencies all met for dep_context=non-requeueable deps ti=<TaskInstance: minio_to_snowflake_banking.download_minio manual__2026-07-16T05:24:09.688780+00:00 [queued]>
[2026-07-16T05:24:22.232+0000] {taskinstance.py:2076} INFO - Dependencies all met for dep_context=requeueable deps ti=<TaskInstance: minio_to_snowflake_banking.download_minio manual__2026-07-16T05:24:09.688780+00:00 [queued]>
[2026-07-16T05:24:22.233+0000] {taskinstance.py:2306} INFO - Starting attempt 1 of 2
[2026-07-16T05:24:22.248+0000] {taskinstance.py:2330} INFO - Executing <Task(PythonOperator): download_minio> on 2026-07-16 05:24:09.688780+00:00
[2026-07-16T05:24:22.264+0000] {logging_mixin.py:188} WARNING - /home/***/.local/lib/python3.12/site-packages/***/task/task_runner/standard_task_runner.py:62 DeprecationWarning: This process (pid=2789) is multi-threaded, use of fork() may lead to deadlocks in the child.
[2026-07-16T05:24:22.260+0000] {standard_task_runner.py:90} INFO - Running: ['***', 'tasks', 'run', 'minio_to_snowflake_banking', 'download_minio', 'manual__2026-07-16T05:24:09.688780+00:00', '--job-id', '3', '--raw', '--subdir', 'DAGS_FOLDER/minio_to_snowflake.py', '--cfg-path', '/tmp/tmp0fi8t3h0']
[2026-07-16T05:24:22.265+0000] {standard_task_runner.py:64} INFO - Started process 2800 to run task
[2026-07-16T05:24:22.265+0000] {standard_task_runner.py:91} INFO - Job 3: Subtask download_minio
[2026-07-16T05:24:22.346+0000] {task_command.py:426} INFO - Running <TaskInstance: minio_to_snowflake_banking.download_minio manual__2026-07-16T05:24:09.688780+00:00 [running]> on host a23c440024ac
[2026-07-16T05:24:22.455+0000] {taskinstance.py:2648} INFO - Exporting env vars: AIRFLOW_CTX_DAG_OWNER='***' AIRFLOW_CTX_DAG_ID='minio_to_snowflake_banking' AIRFLOW_CTX_TASK_ID='download_minio' AIRFLOW_CTX_EXECUTION_DATE='2026-07-16T05:24:09.688780+00:00' AIRFLOW_CTX_TRY_NUMBER='1' AIRFLOW_CTX_DAG_RUN_ID='manual__2026-07-16T05:24:09.688780+00:00'
[2026-07-16T05:24:22.457+0000] {taskinstance.py:430} INFO - ::endgroup::
[2026-07-16T05:24:23.004+0000] {logging_mixin.py:188} INFO - Downloaded customers/date=2026-07-15/customers_144205759953.parquet -> /tmp/minio_downloads/customers_144205759953.parquet
[2026-07-16T05:24:23.054+0000] {logging_mixin.py:188} INFO - Downloaded accounts/date=2026-07-15/accounts_144206008494.parquet -> /tmp/minio_downloads/accounts_144206008494.parquet
[2026-07-16T05:24:23.082+0000] {logging_mixin.py:188} INFO - Downloaded accounts/date=2026-07-15/accounts_144206094658.parquet -> /tmp/minio_downloads/accounts_144206094658.parquet
[2026-07-16T05:24:23.151+0000] {logging_mixin.py:188} INFO - Downloaded transactions/date=2026-07-15/transactions_144205359683.parquet -> /tmp/minio_downloads/transactions_144205359683.parquet
[2026-07-16T05:24:23.173+0000] {logging_mixin.py:188} INFO - Downloaded transactions/date=2026-07-15/transactions_144205455463.parquet -> /tmp/minio_downloads/transactions_144205455463.parquet
[2026-07-16T05:24:23.196+0000] {logging_mixin.py:188} INFO - Downloaded transactions/date=2026-07-15/transactions_144205548980.parquet -> /tmp/minio_downloads/transactions_144205548980.parquet
[2026-07-16T05:24:23.221+0000] {logging_mixin.py:188} INFO - Downloaded transactions/date=2026-07-15/transactions_144205623989.parquet -> /tmp/minio_downloads/transactions_144205623989.parquet
[2026-07-16T05:24:23.244+0000] {logging_mixin.py:188} INFO - Downloaded transactions/date=2026-07-15/transactions_144205696904.parquet -> /tmp/minio_downloads/transactions_144205696904.parquet
[2026-07-16T05:24:23.246+0000] {python.py:237} INFO - Done. Returned value was: {'customers': ['/tmp/minio_downloads/customers_144205759953.parquet'], 'accounts': ['/tmp/minio_downloads/accounts_144206008494.parquet', '/tmp/minio_downloads/accounts_144206094658.parquet'], 'transactions': ['/tmp/minio_downloads/transactions_144205359683.parquet', '/tmp/minio_downloads/transactions_144205455463.parquet', '/tmp/minio_downloads/transactions_144205548980.parquet', '/tmp/minio_downloads/transactions_144205623989.parquet', '/tmp/minio_downloads/transactions_144205696904.parquet']}
[2026-07-16T05:24:23.247+0000] {taskinstance.py:441} INFO - ::group::Post task execution logs
[2026-07-16T05:24:23.290+0000] {taskinstance.py:1206} INFO - Marking task as SUCCESS. dag_id=minio_to_snowflake_banking, task_id=download_minio, run_id=manual__2026-07-16T05:24:09.688780+00:00, execution_date=20260716T052409, start_date=20260716T052422, end_date=20260716T052423
[2026-07-16T05:24:23.364+0000] {local_task_job_runner.py:243} INFO - Task exited with return code 0
[2026-07-16T05:24:23.391+0000] {taskinstance.py:3503} INFO - 1 downstream tasks scheduled from follow-on schedule check
[2026-07-16T05:24:23.394+0000] {local_task_job_runner.py:222} INFO - ::endgroup::
