[2026-07-21T03:08:11.813+0000] {local_task_job_runner.py:120} INFO - ::group::Pre task execution logs
[2026-07-21T03:08:11.854+0000] {taskinstance.py:2076} INFO - Dependencies all met for dep_context=non-requeueable deps ti=<TaskInstance: SCD2_snapshots.dbt_run_marts scheduled__2026-07-20T00:00:00+00:00 [queued]>
[2026-07-21T03:08:11.862+0000] {taskinstance.py:2076} INFO - Dependencies all met for dep_context=requeueable deps ti=<TaskInstance: SCD2_snapshots.dbt_run_marts scheduled__2026-07-20T00:00:00+00:00 [queued]>
[2026-07-21T03:08:11.863+0000] {taskinstance.py:2306} INFO - Starting attempt 1 of 2
[2026-07-21T03:08:11.884+0000] {taskinstance.py:2330} INFO - Executing <Task(BashOperator): dbt_run_marts> on 2026-07-20 00:00:00+00:00
[2026-07-21T03:08:11.889+0000] {standard_task_runner.py:64} INFO - Started process 2414 to run task
[2026-07-21T03:08:11.895+0000] {standard_task_runner.py:90} INFO - Running: ['***', 'tasks', 'run', 'SCD2_snapshots', 'dbt_run_marts', 'scheduled__2026-07-20T00:00:00+00:00', '--job-id', '202', '--raw', '--subdir', 'DAGS_FOLDER/scd.py', '--cfg-path', '/tmp/tmpw498bayq']
[2026-07-21T03:08:11.902+0000] {standard_task_runner.py:91} INFO - Job 202: Subtask dbt_run_marts
[2026-07-21T03:08:11.999+0000] {task_command.py:426} INFO - Running <TaskInstance: SCD2_snapshots.dbt_run_marts scheduled__2026-07-20T00:00:00+00:00 [running]> on host 6a28f8e5af82
[2026-07-21T03:08:12.133+0000] {taskinstance.py:2648} INFO - Exporting env vars: AIRFLOW_CTX_DAG_OWNER='***' AIRFLOW_CTX_DAG_ID='SCD2_snapshots' AIRFLOW_CTX_TASK_ID='dbt_run_marts' AIRFLOW_CTX_EXECUTION_DATE='2026-07-20T00:00:00+00:00' AIRFLOW_CTX_TRY_NUMBER='1' AIRFLOW_CTX_DAG_RUN_ID='scheduled__2026-07-20T00:00:00+00:00'
[2026-07-21T03:08:12.135+0000] {taskinstance.py:430} INFO - ::endgroup::
[2026-07-21T03:08:12.159+0000] {subprocess.py:63} INFO - Tmp dir root location: /tmp
[2026-07-21T03:08:12.162+0000] {subprocess.py:75} INFO - Running command: ['/usr/bin/bash', '-c', 'cd /opt/***/banking_dbt && dbt run --select marts --profiles-dir /home/***/.dbt']
[2026-07-21T03:08:12.174+0000] {subprocess.py:86} INFO - Output:
[2026-07-21T03:08:15.198+0000] {subprocess.py:93} INFO - [0m03:08:15  Running with dbt=1.11.12
[2026-07-21T03:08:18.460+0000] {subprocess.py:93} INFO - [0m03:08:18  Registered adapter: snowflake=1.11.6
[2026-07-21T03:08:20.739+0000] {subprocess.py:93} INFO - [0m03:08:20  [[33mWARNING[0m]: Configuration paths exist in your dbt_project.yml file which do not apply to any resources.
[2026-07-21T03:08:20.740+0000] {subprocess.py:93} INFO - There are 1 unused configuration paths:
[2026-07-21T03:08:20.741+0000] {subprocess.py:93} INFO - - models.dbt_banking.example
[2026-07-21T03:08:21.850+0000] {subprocess.py:93} INFO - [0m03:08:21  Found 6 models, 2 snapshots, 3 sources, 537 macros
[2026-07-21T03:08:21.866+0000] {subprocess.py:93} INFO - [0m03:08:21
[2026-07-21T03:08:21.870+0000] {subprocess.py:93} INFO - [0m03:08:21  Concurrency: 4 threads (target='dev')
[2026-07-21T03:08:21.875+0000] {subprocess.py:93} INFO - [0m03:08:21
[2026-07-21T03:08:23.824+0000] {subprocess.py:93} INFO - [0m03:08:23  1 of 3 START sql table model ANALYTICS.dim_accounts ............................ [RUN]
[2026-07-21T03:08:23.830+0000] {subprocess.py:93} INFO - [0m03:08:23  2 of 3 START sql table model ANALYTICS.dim_customers ........................... [RUN]
[2026-07-21T03:08:23.834+0000] {subprocess.py:93} INFO - [0m03:08:23  3 of 3 START sql incremental model ANALYTICS.fact_transactions ................. [RUN]
[2026-07-21T03:08:24.741+0000] {subprocess.py:93} INFO - [0m03:08:24  1 of 3 OK created sql table model ANALYTICS.dim_accounts ....................... [[32mSUCCESS 200[0m in 0.90s]
[2026-07-21T03:08:25.532+0000] {subprocess.py:93} INFO - [0m03:08:25  2 of 3 OK created sql table model ANALYTICS.dim_customers ...................... [[32mSUCCESS 100[0m in 1.69s]
[2026-07-21T03:08:27.008+0000] {subprocess.py:93} INFO - [0m03:08:27  3 of 3 OK created sql incremental model ANALYTICS.fact_transactions ............ [[32mSUCCESS 550[0m in 3.16s]
[2026-07-21T03:08:27.675+0000] {subprocess.py:93} INFO - [0m03:08:27
[2026-07-21T03:08:27.677+0000] {subprocess.py:93} INFO - [0m03:08:27  Finished running 1 incremental model, 2 table models in 0 hours 0 minutes and 5.79 seconds (5.79s).
[2026-07-21T03:08:27.867+0000] {subprocess.py:93} INFO - [0m03:08:27
[2026-07-21T03:08:27.868+0000] {subprocess.py:93} INFO - [0m03:08:27  [32mCompleted successfully[0m
[2026-07-21T03:08:27.869+0000] {subprocess.py:93} INFO - [0m03:08:27
[2026-07-21T03:08:27.871+0000] {subprocess.py:93} INFO - [0m03:08:27  Done. PASS=3 WARN=0 ERROR=0 SKIP=0 NO-OP=0 TOTAL=3
[2026-07-21T03:08:29.618+0000] {subprocess.py:97} INFO - Command exited with return code 0
[2026-07-21T03:08:29.621+0000] {taskinstance.py:441} INFO - ::group::Post task execution logs
[2026-07-21T03:08:29.949+0000] {taskinstance.py:1206} INFO - Marking task as SUCCESS. dag_id=SCD2_snapshots, task_id=dbt_run_marts, run_id=scheduled__2026-07-20T00:00:00+00:00, execution_date=20260720T000000, start_date=20260721T030811, end_date=20260721T030829
[2026-07-21T03:08:30.015+0000] {local_task_job_runner.py:243} INFO - Task exited with return code 0
[2026-07-21T03:08:30.048+0000] {taskinstance.py:3503} INFO - 0 downstream tasks scheduled from follow-on schedule check
[2026-07-21T03:08:30.051+0000] {local_task_job_runner.py:222} INFO - ::endgroup::
