[2026-07-20T06:49:04.374+0000] {local_task_job_runner.py:120} INFO - ::group::Pre task execution logs
[2026-07-20T06:49:04.417+0000] {taskinstance.py:2076} INFO - Dependencies all met for dep_context=non-requeueable deps ti=<TaskInstance: minio_to_snowflake_banking.download_minio scheduled__2026-07-20T06:48:00+00:00 [queued]>
[2026-07-20T06:49:04.428+0000] {taskinstance.py:2076} INFO - Dependencies all met for dep_context=requeueable deps ti=<TaskInstance: minio_to_snowflake_banking.download_minio scheduled__2026-07-20T06:48:00+00:00 [queued]>
[2026-07-20T06:49:04.428+0000] {taskinstance.py:2306} INFO - Starting attempt 1 of 2
[2026-07-20T06:49:04.444+0000] {taskinstance.py:2330} INFO - Executing <Task(PythonOperator): download_minio> on 2026-07-20 06:48:00+00:00
[2026-07-20T06:49:04.460+0000] {logging_mixin.py:188} WARNING - /home/***/.local/lib/python3.12/site-packages/***/task/task_runner/standard_task_runner.py:62 DeprecationWarning: This process (pid=14010) is multi-threaded, use of fork() may lead to deadlocks in the child.
[2026-07-20T06:49:04.457+0000] {standard_task_runner.py:90} INFO - Running: ['***', 'tasks', 'run', 'minio_to_snowflake_banking', 'download_minio', 'scheduled__2026-07-20T06:48:00+00:00', '--job-id', '174', '--raw', '--subdir', 'DAGS_FOLDER/minio_to_snowflake.py', '--cfg-path', '/tmp/tmp6q561bjy']
[2026-07-20T06:49:04.462+0000] {standard_task_runner.py:64} INFO - Started process 14021 to run task
[2026-07-20T06:49:04.462+0000] {standard_task_runner.py:91} INFO - Job 174: Subtask download_minio
[2026-07-20T06:49:04.543+0000] {task_command.py:426} INFO - Running <TaskInstance: minio_to_snowflake_banking.download_minio scheduled__2026-07-20T06:48:00+00:00 [running]> on host a23c440024ac
[2026-07-20T06:49:04.686+0000] {taskinstance.py:2648} INFO - Exporting env vars: AIRFLOW_CTX_DAG_OWNER='***' AIRFLOW_CTX_DAG_ID='minio_to_snowflake_banking' AIRFLOW_CTX_TASK_ID='download_minio' AIRFLOW_CTX_EXECUTION_DATE='2026-07-20T06:48:00+00:00' AIRFLOW_CTX_TRY_NUMBER='1' AIRFLOW_CTX_DAG_RUN_ID='scheduled__2026-07-20T06:48:00+00:00'
[2026-07-20T06:49:04.687+0000] {taskinstance.py:430} INFO - ::endgroup::
[2026-07-20T06:49:05.129+0000] {logging_mixin.py:188} INFO - Downloaded customers/date=2026-07-15/customers_144205759953.parquet -> /tmp/minio_downloads/customers_144205759953.parquet
[2026-07-20T06:49:05.148+0000] {logging_mixin.py:188} INFO - Downloaded customers/date=2026-07-20/customers_115310492559.parquet -> /tmp/minio_downloads/customers_115310492559.parquet
[2026-07-20T06:49:05.205+0000] {logging_mixin.py:188} INFO - Downloaded accounts/date=2026-07-15/accounts_144206008494.parquet -> /tmp/minio_downloads/accounts_144206008494.parquet
[2026-07-20T06:49:05.223+0000] {logging_mixin.py:188} INFO - Downloaded accounts/date=2026-07-15/accounts_144206094658.parquet -> /tmp/minio_downloads/accounts_144206094658.parquet
[2026-07-20T06:49:05.241+0000] {logging_mixin.py:188} INFO - Downloaded accounts/date=2026-07-20/accounts_115310126544.parquet -> /tmp/minio_downloads/accounts_115310126544.parquet
[2026-07-20T06:49:05.260+0000] {logging_mixin.py:188} INFO - Downloaded accounts/date=2026-07-20/accounts_115311006475.parquet -> /tmp/minio_downloads/accounts_115311006475.parquet
[2026-07-20T06:49:05.346+0000] {logging_mixin.py:188} INFO - Downloaded transactions/date=2026-07-15/transactions_144205359683.parquet -> /tmp/minio_downloads/transactions_144205359683.parquet
[2026-07-20T06:49:05.363+0000] {logging_mixin.py:188} INFO - Downloaded transactions/date=2026-07-15/transactions_144205455463.parquet -> /tmp/minio_downloads/transactions_144205455463.parquet
[2026-07-20T06:49:05.382+0000] {logging_mixin.py:188} INFO - Downloaded transactions/date=2026-07-15/transactions_144205548980.parquet -> /tmp/minio_downloads/transactions_144205548980.parquet
[2026-07-20T06:49:05.402+0000] {logging_mixin.py:188} INFO - Downloaded transactions/date=2026-07-15/transactions_144205623989.parquet -> /tmp/minio_downloads/transactions_144205623989.parquet
[2026-07-20T06:49:05.423+0000] {logging_mixin.py:188} INFO - Downloaded transactions/date=2026-07-15/transactions_144205696904.parquet -> /tmp/minio_downloads/transactions_144205696904.parquet
[2026-07-20T06:49:05.443+0000] {logging_mixin.py:188} INFO - Downloaded transactions/date=2026-07-20/transactions_115309842828.parquet -> /tmp/minio_downloads/transactions_115309842828.parquet
[2026-07-20T06:49:05.464+0000] {logging_mixin.py:188} INFO - Downloaded transactions/date=2026-07-20/transactions_115310015497.parquet -> /tmp/minio_downloads/transactions_115310015497.parquet
[2026-07-20T06:49:05.486+0000] {logging_mixin.py:188} INFO - Downloaded transactions/date=2026-07-20/transactions_115310611735.parquet -> /tmp/minio_downloads/transactions_115310611735.parquet
[2026-07-20T06:49:05.505+0000] {logging_mixin.py:188} INFO - Downloaded transactions/date=2026-07-20/transactions_115310770984.parquet -> /tmp/minio_downloads/transactions_115310770984.parquet
[2026-07-20T06:49:05.523+0000] {logging_mixin.py:188} INFO - Downloaded transactions/date=2026-07-20/transactions_115310850567.parquet -> /tmp/minio_downloads/transactions_115310850567.parquet
[2026-07-20T06:49:05.543+0000] {logging_mixin.py:188} INFO - Downloaded transactions/date=2026-07-20/transactions_115310916075.parquet -> /tmp/minio_downloads/transactions_115310916075.parquet
[2026-07-20T06:49:05.544+0000] {python.py:237} INFO - Done. Returned value was: {'customers': ['/tmp/minio_downloads/customers_144205759953.parquet', '/tmp/minio_downloads/customers_115310492559.parquet'], 'accounts': ['/tmp/minio_downloads/accounts_144206008494.parquet', '/tmp/minio_downloads/accounts_144206094658.parquet', '/tmp/minio_downloads/accounts_115310126544.parquet', '/tmp/minio_downloads/accounts_115311006475.parquet'], 'transactions': ['/tmp/minio_downloads/transactions_144205359683.parquet', '/tmp/minio_downloads/transactions_144205455463.parquet', '/tmp/minio_downloads/transactions_144205548980.parquet', '/tmp/minio_downloads/transactions_144205623989.parquet', '/tmp/minio_downloads/transactions_144205696904.parquet', '/tmp/minio_downloads/transactions_115309842828.parquet', '/tmp/minio_downloads/transactions_115310015497.parquet', '/tmp/minio_downloads/transactions_115310611735.parquet', '/tmp/minio_downloads/transactions_115310770984.parquet', '/tmp/minio_downloads/transactions_115310850567.parquet', '/tmp/minio_downloads/transactions_115310916075.parquet']}
[2026-07-20T06:49:05.544+0000] {taskinstance.py:441} INFO - ::group::Post task execution logs
[2026-07-20T06:49:05.588+0000] {taskinstance.py:1206} INFO - Marking task as SUCCESS. dag_id=minio_to_snowflake_banking, task_id=download_minio, run_id=scheduled__2026-07-20T06:48:00+00:00, execution_date=20260720T064800, start_date=20260720T064904, end_date=20260720T064905
[2026-07-20T06:49:05.641+0000] {local_task_job_runner.py:243} INFO - Task exited with return code 0
[2026-07-20T06:49:05.666+0000] {taskinstance.py:3503} INFO - 1 downstream tasks scheduled from follow-on schedule check
[2026-07-20T06:49:05.669+0000] {local_task_job_runner.py:222} INFO - ::endgroup::
