[2026-07-16T05:57:04.686+0000] {local_task_job_runner.py:120} INFO - ::group::Pre task execution logs
[2026-07-16T05:57:04.721+0000] {taskinstance.py:2076} INFO - Dependencies all met for dep_context=non-requeueable deps ti=<TaskInstance: minio_to_snowflake_banking.download_minio scheduled__2026-07-16T05:56:00+00:00 [queued]>
[2026-07-16T05:57:04.731+0000] {taskinstance.py:2076} INFO - Dependencies all met for dep_context=requeueable deps ti=<TaskInstance: minio_to_snowflake_banking.download_minio scheduled__2026-07-16T05:56:00+00:00 [queued]>
[2026-07-16T05:57:04.732+0000] {taskinstance.py:2306} INFO - Starting attempt 1 of 2
[2026-07-16T05:57:04.746+0000] {taskinstance.py:2330} INFO - Executing <Task(PythonOperator): download_minio> on 2026-07-16 05:56:00+00:00
[2026-07-16T05:57:04.760+0000] {standard_task_runner.py:90} INFO - Running: ['***', 'tasks', 'run', 'minio_to_snowflake_banking', 'download_minio', 'scheduled__2026-07-16T05:56:00+00:00', '--job-id', '45', '--raw', '--subdir', 'DAGS_FOLDER/minio_to_snowflake.py', '--cfg-path', '/tmp/tmpirfyp61m']
[2026-07-16T05:57:04.767+0000] {standard_task_runner.py:91} INFO - Job 45: Subtask download_minio
[2026-07-16T05:57:04.767+0000] {logging_mixin.py:188} WARNING - /home/***/.local/lib/python3.12/site-packages/***/task/task_runner/standard_task_runner.py:62 DeprecationWarning: This process (pid=4055) is multi-threaded, use of fork() may lead to deadlocks in the child.
[2026-07-16T05:57:04.771+0000] {standard_task_runner.py:64} INFO - Started process 4066 to run task
[2026-07-16T05:57:04.859+0000] {task_command.py:426} INFO - Running <TaskInstance: minio_to_snowflake_banking.download_minio scheduled__2026-07-16T05:56:00+00:00 [running]> on host a23c440024ac
[2026-07-16T05:57:05.009+0000] {taskinstance.py:2648} INFO - Exporting env vars: AIRFLOW_CTX_DAG_OWNER='***' AIRFLOW_CTX_DAG_ID='minio_to_snowflake_banking' AIRFLOW_CTX_TASK_ID='download_minio' AIRFLOW_CTX_EXECUTION_DATE='2026-07-16T05:56:00+00:00' AIRFLOW_CTX_TRY_NUMBER='1' AIRFLOW_CTX_DAG_RUN_ID='scheduled__2026-07-16T05:56:00+00:00'
[2026-07-16T05:57:05.010+0000] {taskinstance.py:430} INFO - ::endgroup::
[2026-07-16T05:57:05.501+0000] {logging_mixin.py:188} INFO - Downloaded customers/date=2026-07-15/customers_144205759953.parquet -> /tmp/minio_downloads/customers_144205759953.parquet
[2026-07-16T05:57:05.560+0000] {logging_mixin.py:188} INFO - Downloaded accounts/date=2026-07-15/accounts_144206008494.parquet -> /tmp/minio_downloads/accounts_144206008494.parquet
[2026-07-16T05:57:05.578+0000] {logging_mixin.py:188} INFO - Downloaded accounts/date=2026-07-15/accounts_144206094658.parquet -> /tmp/minio_downloads/accounts_144206094658.parquet
[2026-07-16T05:57:05.635+0000] {logging_mixin.py:188} INFO - Downloaded transactions/date=2026-07-15/transactions_144205359683.parquet -> /tmp/minio_downloads/transactions_144205359683.parquet
[2026-07-16T05:57:05.653+0000] {logging_mixin.py:188} INFO - Downloaded transactions/date=2026-07-15/transactions_144205455463.parquet -> /tmp/minio_downloads/transactions_144205455463.parquet
[2026-07-16T05:57:05.673+0000] {logging_mixin.py:188} INFO - Downloaded transactions/date=2026-07-15/transactions_144205548980.parquet -> /tmp/minio_downloads/transactions_144205548980.parquet
[2026-07-16T05:57:05.694+0000] {logging_mixin.py:188} INFO - Downloaded transactions/date=2026-07-15/transactions_144205623989.parquet -> /tmp/minio_downloads/transactions_144205623989.parquet
[2026-07-16T05:57:05.716+0000] {logging_mixin.py:188} INFO - Downloaded transactions/date=2026-07-15/transactions_144205696904.parquet -> /tmp/minio_downloads/transactions_144205696904.parquet
[2026-07-16T05:57:05.717+0000] {python.py:237} INFO - Done. Returned value was: {'customers': ['/tmp/minio_downloads/customers_144205759953.parquet'], 'accounts': ['/tmp/minio_downloads/accounts_144206008494.parquet', '/tmp/minio_downloads/accounts_144206094658.parquet'], 'transactions': ['/tmp/minio_downloads/transactions_144205359683.parquet', '/tmp/minio_downloads/transactions_144205455463.parquet', '/tmp/minio_downloads/transactions_144205548980.parquet', '/tmp/minio_downloads/transactions_144205623989.parquet', '/tmp/minio_downloads/transactions_144205696904.parquet']}
[2026-07-16T05:57:05.718+0000] {taskinstance.py:441} INFO - ::group::Post task execution logs
[2026-07-16T05:57:05.753+0000] {taskinstance.py:1206} INFO - Marking task as SUCCESS. dag_id=minio_to_snowflake_banking, task_id=download_minio, run_id=scheduled__2026-07-16T05:56:00+00:00, execution_date=20260716T055600, start_date=20260716T055704, end_date=20260716T055705
[2026-07-16T05:57:05.791+0000] {local_task_job_runner.py:243} INFO - Task exited with return code 0
[2026-07-16T05:57:05.845+0000] {taskinstance.py:3503} INFO - 1 downstream tasks scheduled from follow-on schedule check
[2026-07-16T05:57:05.850+0000] {local_task_job_runner.py:222} INFO - ::endgroup::
