[2026-07-16T05:50:03.594+0000] {local_task_job_runner.py:120} INFO - ::group::Pre task execution logs
[2026-07-16T05:50:03.630+0000] {taskinstance.py:2076} INFO - Dependencies all met for dep_context=non-requeueable deps ti=<TaskInstance: minio_to_snowflake_banking.download_minio manual__2026-07-16T05:49:56.298543+00:00 [queued]>
[2026-07-16T05:50:03.641+0000] {taskinstance.py:2076} INFO - Dependencies all met for dep_context=requeueable deps ti=<TaskInstance: minio_to_snowflake_banking.download_minio manual__2026-07-16T05:49:56.298543+00:00 [queued]>
[2026-07-16T05:50:03.641+0000] {taskinstance.py:2306} INFO - Starting attempt 1 of 2
[2026-07-16T05:50:03.656+0000] {taskinstance.py:2330} INFO - Executing <Task(PythonOperator): download_minio> on 2026-07-16 05:49:56.298543+00:00
[2026-07-16T05:50:03.667+0000] {standard_task_runner.py:90} INFO - Running: ['***', 'tasks', 'run', 'minio_to_snowflake_banking', 'download_minio', 'manual__2026-07-16T05:49:56.298543+00:00', '--job-id', '29', '--raw', '--subdir', 'DAGS_FOLDER/minio_to_snowflake.py', '--cfg-path', '/tmp/tmpkd4p6nri']
[2026-07-16T05:50:03.673+0000] {standard_task_runner.py:91} INFO - Job 29: Subtask download_minio
[2026-07-16T05:50:03.675+0000] {logging_mixin.py:188} WARNING - /home/***/.local/lib/python3.12/site-packages/***/task/task_runner/standard_task_runner.py:62 DeprecationWarning: This process (pid=3573) is multi-threaded, use of fork() may lead to deadlocks in the child.
[2026-07-16T05:50:03.676+0000] {standard_task_runner.py:64} INFO - Started process 3584 to run task
[2026-07-16T05:50:03.751+0000] {task_command.py:426} INFO - Running <TaskInstance: minio_to_snowflake_banking.download_minio manual__2026-07-16T05:49:56.298543+00:00 [running]> on host a23c440024ac
[2026-07-16T05:50:03.869+0000] {taskinstance.py:2648} INFO - Exporting env vars: AIRFLOW_CTX_DAG_OWNER='***' AIRFLOW_CTX_DAG_ID='minio_to_snowflake_banking' AIRFLOW_CTX_TASK_ID='download_minio' AIRFLOW_CTX_EXECUTION_DATE='2026-07-16T05:49:56.298543+00:00' AIRFLOW_CTX_TRY_NUMBER='1' AIRFLOW_CTX_DAG_RUN_ID='manual__2026-07-16T05:49:56.298543+00:00'
[2026-07-16T05:50:03.872+0000] {taskinstance.py:430} INFO - ::endgroup::
[2026-07-16T05:50:04.781+0000] {logging_mixin.py:188} INFO - Downloaded customers/date=2026-07-15/customers_144205759953.parquet -> /tmp/minio_downloads/customers_144205759953.parquet
[2026-07-16T05:50:04.823+0000] {logging_mixin.py:188} INFO - Downloaded accounts/date=2026-07-15/accounts_144206008494.parquet -> /tmp/minio_downloads/accounts_144206008494.parquet
[2026-07-16T05:50:04.844+0000] {logging_mixin.py:188} INFO - Downloaded accounts/date=2026-07-15/accounts_144206094658.parquet -> /tmp/minio_downloads/accounts_144206094658.parquet
[2026-07-16T05:50:04.901+0000] {logging_mixin.py:188} INFO - Downloaded transactions/date=2026-07-15/transactions_144205359683.parquet -> /tmp/minio_downloads/transactions_144205359683.parquet
[2026-07-16T05:50:04.924+0000] {logging_mixin.py:188} INFO - Downloaded transactions/date=2026-07-15/transactions_144205455463.parquet -> /tmp/minio_downloads/transactions_144205455463.parquet
[2026-07-16T05:50:04.947+0000] {logging_mixin.py:188} INFO - Downloaded transactions/date=2026-07-15/transactions_144205548980.parquet -> /tmp/minio_downloads/transactions_144205548980.parquet
[2026-07-16T05:50:04.973+0000] {logging_mixin.py:188} INFO - Downloaded transactions/date=2026-07-15/transactions_144205623989.parquet -> /tmp/minio_downloads/transactions_144205623989.parquet
[2026-07-16T05:50:04.996+0000] {logging_mixin.py:188} INFO - Downloaded transactions/date=2026-07-15/transactions_144205696904.parquet -> /tmp/minio_downloads/transactions_144205696904.parquet
[2026-07-16T05:50:04.998+0000] {python.py:237} INFO - Done. Returned value was: {'customers': ['/tmp/minio_downloads/customers_144205759953.parquet'], 'accounts': ['/tmp/minio_downloads/accounts_144206008494.parquet', '/tmp/minio_downloads/accounts_144206094658.parquet'], 'transactions': ['/tmp/minio_downloads/transactions_144205359683.parquet', '/tmp/minio_downloads/transactions_144205455463.parquet', '/tmp/minio_downloads/transactions_144205548980.parquet', '/tmp/minio_downloads/transactions_144205623989.parquet', '/tmp/minio_downloads/transactions_144205696904.parquet']}
[2026-07-16T05:50:04.998+0000] {taskinstance.py:441} INFO - ::group::Post task execution logs
[2026-07-16T05:50:05.105+0000] {taskinstance.py:1206} INFO - Marking task as SUCCESS. dag_id=minio_to_snowflake_banking, task_id=download_minio, run_id=manual__2026-07-16T05:49:56.298543+00:00, execution_date=20260716T054956, start_date=20260716T055003, end_date=20260716T055005
[2026-07-16T05:50:05.177+0000] {local_task_job_runner.py:243} INFO - Task exited with return code 0
[2026-07-16T05:50:05.278+0000] {taskinstance.py:3503} INFO - 1 downstream tasks scheduled from follow-on schedule check
[2026-07-16T05:50:05.287+0000] {local_task_job_runner.py:222} INFO - ::endgroup::
