[2026-07-16T06:28:07.481+0000] {local_task_job_runner.py:120} INFO - ::group::Pre task execution logs
[2026-07-16T06:28:07.524+0000] {taskinstance.py:2076} INFO - Dependencies all met for dep_context=non-requeueable deps ti=<TaskInstance: minio_to_snowflake_banking.download_minio scheduled__2026-07-16T06:24:00+00:00 [queued]>
[2026-07-16T06:28:07.536+0000] {taskinstance.py:2076} INFO - Dependencies all met for dep_context=requeueable deps ti=<TaskInstance: minio_to_snowflake_banking.download_minio scheduled__2026-07-16T06:24:00+00:00 [queued]>
[2026-07-16T06:28:07.537+0000] {taskinstance.py:2306} INFO - Starting attempt 2 of 2
[2026-07-16T06:28:07.556+0000] {taskinstance.py:2330} INFO - Executing <Task(PythonOperator): download_minio> on 2026-07-16 06:24:00+00:00
[2026-07-16T06:28:07.568+0000] {standard_task_runner.py:90} INFO - Running: ['***', 'tasks', 'run', 'minio_to_snowflake_banking', 'download_minio', 'scheduled__2026-07-16T06:24:00+00:00', '--job-id', '108', '--raw', '--subdir', 'DAGS_FOLDER/minio_to_snowflake.py', '--cfg-path', '/tmp/tmpczo7kt4l']
[2026-07-16T06:28:07.574+0000] {standard_task_runner.py:91} INFO - Job 108: Subtask download_minio
[2026-07-16T06:28:07.575+0000] {logging_mixin.py:188} WARNING - /home/***/.local/lib/python3.12/site-packages/***/task/task_runner/standard_task_runner.py:62 DeprecationWarning: This process (pid=482) is multi-threaded, use of fork() may lead to deadlocks in the child.
[2026-07-16T06:28:07.576+0000] {standard_task_runner.py:64} INFO - Started process 493 to run task
[2026-07-16T06:28:07.686+0000] {task_command.py:426} INFO - Running <TaskInstance: minio_to_snowflake_banking.download_minio scheduled__2026-07-16T06:24:00+00:00 [running]> on host a23c440024ac
[2026-07-16T06:28:07.885+0000] {taskinstance.py:2648} INFO - Exporting env vars: AIRFLOW_CTX_DAG_OWNER='***' AIRFLOW_CTX_DAG_ID='minio_to_snowflake_banking' AIRFLOW_CTX_TASK_ID='download_minio' AIRFLOW_CTX_EXECUTION_DATE='2026-07-16T06:24:00+00:00' AIRFLOW_CTX_TRY_NUMBER='2' AIRFLOW_CTX_DAG_RUN_ID='scheduled__2026-07-16T06:24:00+00:00'
[2026-07-16T06:28:07.891+0000] {taskinstance.py:430} INFO - ::endgroup::
[2026-07-16T06:28:08.641+0000] {logging_mixin.py:188} INFO - Downloaded customers/date=2026-07-15/customers_144205759953.parquet -> /tmp/minio_downloads/customers_144205759953.parquet
[2026-07-16T06:28:08.679+0000] {logging_mixin.py:188} INFO - Downloaded accounts/date=2026-07-15/accounts_144206008494.parquet -> /tmp/minio_downloads/accounts_144206008494.parquet
[2026-07-16T06:28:08.694+0000] {logging_mixin.py:188} INFO - Downloaded accounts/date=2026-07-15/accounts_144206094658.parquet -> /tmp/minio_downloads/accounts_144206094658.parquet
[2026-07-16T06:28:08.750+0000] {logging_mixin.py:188} INFO - Downloaded transactions/date=2026-07-15/transactions_144205359683.parquet -> /tmp/minio_downloads/transactions_144205359683.parquet
[2026-07-16T06:28:08.766+0000] {logging_mixin.py:188} INFO - Downloaded transactions/date=2026-07-15/transactions_144205455463.parquet -> /tmp/minio_downloads/transactions_144205455463.parquet
[2026-07-16T06:28:08.782+0000] {logging_mixin.py:188} INFO - Downloaded transactions/date=2026-07-15/transactions_144205548980.parquet -> /tmp/minio_downloads/transactions_144205548980.parquet
[2026-07-16T06:28:08.798+0000] {logging_mixin.py:188} INFO - Downloaded transactions/date=2026-07-15/transactions_144205623989.parquet -> /tmp/minio_downloads/transactions_144205623989.parquet
[2026-07-16T06:28:08.817+0000] {logging_mixin.py:188} INFO - Downloaded transactions/date=2026-07-15/transactions_144205696904.parquet -> /tmp/minio_downloads/transactions_144205696904.parquet
[2026-07-16T06:28:08.818+0000] {python.py:237} INFO - Done. Returned value was: {'customers': ['/tmp/minio_downloads/customers_144205759953.parquet'], 'accounts': ['/tmp/minio_downloads/accounts_144206008494.parquet', '/tmp/minio_downloads/accounts_144206094658.parquet'], 'transactions': ['/tmp/minio_downloads/transactions_144205359683.parquet', '/tmp/minio_downloads/transactions_144205455463.parquet', '/tmp/minio_downloads/transactions_144205548980.parquet', '/tmp/minio_downloads/transactions_144205623989.parquet', '/tmp/minio_downloads/transactions_144205696904.parquet']}
[2026-07-16T06:28:08.819+0000] {taskinstance.py:441} INFO - ::group::Post task execution logs
[2026-07-16T06:28:08.872+0000] {taskinstance.py:1206} INFO - Marking task as SUCCESS. dag_id=minio_to_snowflake_banking, task_id=download_minio, run_id=scheduled__2026-07-16T06:24:00+00:00, execution_date=20260716T062400, start_date=20260716T062807, end_date=20260716T062808
[2026-07-16T06:28:08.916+0000] {local_task_job_runner.py:243} INFO - Task exited with return code 0
[2026-07-16T06:28:08.949+0000] {taskinstance.py:3503} INFO - 1 downstream tasks scheduled from follow-on schedule check
[2026-07-16T06:28:08.955+0000] {local_task_job_runner.py:222} INFO - ::endgroup::
