[2026-07-16T06:30:05.006+0000] {local_task_job_runner.py:120} INFO - ::group::Pre task execution logs
[2026-07-16T06:30:05.038+0000] {taskinstance.py:2076} INFO - Dependencies all met for dep_context=non-requeueable deps ti=<TaskInstance: minio_to_snowflake_banking.download_minio scheduled__2026-07-16T06:29:00+00:00 [queued]>
[2026-07-16T06:30:05.047+0000] {taskinstance.py:2076} INFO - Dependencies all met for dep_context=requeueable deps ti=<TaskInstance: minio_to_snowflake_banking.download_minio scheduled__2026-07-16T06:29:00+00:00 [queued]>
[2026-07-16T06:30:05.048+0000] {taskinstance.py:2306} INFO - Starting attempt 1 of 2
[2026-07-16T06:30:05.060+0000] {taskinstance.py:2330} INFO - Executing <Task(PythonOperator): download_minio> on 2026-07-16 06:29:00+00:00
[2026-07-16T06:30:05.070+0000] {standard_task_runner.py:90} INFO - Running: ['***', 'tasks', 'run', 'minio_to_snowflake_banking', 'download_minio', 'scheduled__2026-07-16T06:29:00+00:00', '--job-id', '118', '--raw', '--subdir', 'DAGS_FOLDER/minio_to_snowflake.py', '--cfg-path', '/tmp/tmpat2rmiuq']
[2026-07-16T06:30:05.074+0000] {standard_task_runner.py:91} INFO - Job 118: Subtask download_minio
[2026-07-16T06:30:05.074+0000] {logging_mixin.py:188} WARNING - /home/***/.local/lib/python3.12/site-packages/***/task/task_runner/standard_task_runner.py:62 DeprecationWarning: This process (pid=764) is multi-threaded, use of fork() may lead to deadlocks in the child.
[2026-07-16T06:30:05.075+0000] {standard_task_runner.py:64} INFO - Started process 775 to run task
[2026-07-16T06:30:05.139+0000] {task_command.py:426} INFO - Running <TaskInstance: minio_to_snowflake_banking.download_minio scheduled__2026-07-16T06:29:00+00:00 [running]> on host a23c440024ac
[2026-07-16T06:30:05.267+0000] {taskinstance.py:2648} INFO - Exporting env vars: AIRFLOW_CTX_DAG_OWNER='***' AIRFLOW_CTX_DAG_ID='minio_to_snowflake_banking' AIRFLOW_CTX_TASK_ID='download_minio' AIRFLOW_CTX_EXECUTION_DATE='2026-07-16T06:29:00+00:00' AIRFLOW_CTX_TRY_NUMBER='1' AIRFLOW_CTX_DAG_RUN_ID='scheduled__2026-07-16T06:29:00+00:00'
[2026-07-16T06:30:05.269+0000] {taskinstance.py:430} INFO - ::endgroup::
[2026-07-16T06:30:05.734+0000] {logging_mixin.py:188} INFO - Downloaded customers/date=2026-07-15/customers_144205759953.parquet -> /tmp/minio_downloads/customers_144205759953.parquet
[2026-07-16T06:30:05.796+0000] {logging_mixin.py:188} INFO - Downloaded accounts/date=2026-07-15/accounts_144206008494.parquet -> /tmp/minio_downloads/accounts_144206008494.parquet
[2026-07-16T06:30:05.821+0000] {logging_mixin.py:188} INFO - Downloaded accounts/date=2026-07-15/accounts_144206094658.parquet -> /tmp/minio_downloads/accounts_144206094658.parquet
[2026-07-16T06:30:05.874+0000] {logging_mixin.py:188} INFO - Downloaded transactions/date=2026-07-15/transactions_144205359683.parquet -> /tmp/minio_downloads/transactions_144205359683.parquet
[2026-07-16T06:30:05.892+0000] {logging_mixin.py:188} INFO - Downloaded transactions/date=2026-07-15/transactions_144205455463.parquet -> /tmp/minio_downloads/transactions_144205455463.parquet
[2026-07-16T06:30:05.910+0000] {logging_mixin.py:188} INFO - Downloaded transactions/date=2026-07-15/transactions_144205548980.parquet -> /tmp/minio_downloads/transactions_144205548980.parquet
[2026-07-16T06:30:05.926+0000] {logging_mixin.py:188} INFO - Downloaded transactions/date=2026-07-15/transactions_144205623989.parquet -> /tmp/minio_downloads/transactions_144205623989.parquet
[2026-07-16T06:30:05.943+0000] {logging_mixin.py:188} INFO - Downloaded transactions/date=2026-07-15/transactions_144205696904.parquet -> /tmp/minio_downloads/transactions_144205696904.parquet
[2026-07-16T06:30:05.944+0000] {python.py:237} INFO - Done. Returned value was: {'customers': ['/tmp/minio_downloads/customers_144205759953.parquet'], 'accounts': ['/tmp/minio_downloads/accounts_144206008494.parquet', '/tmp/minio_downloads/accounts_144206094658.parquet'], 'transactions': ['/tmp/minio_downloads/transactions_144205359683.parquet', '/tmp/minio_downloads/transactions_144205455463.parquet', '/tmp/minio_downloads/transactions_144205548980.parquet', '/tmp/minio_downloads/transactions_144205623989.parquet', '/tmp/minio_downloads/transactions_144205696904.parquet']}
[2026-07-16T06:30:05.944+0000] {taskinstance.py:441} INFO - ::group::Post task execution logs
[2026-07-16T06:30:05.975+0000] {taskinstance.py:1206} INFO - Marking task as SUCCESS. dag_id=minio_to_snowflake_banking, task_id=download_minio, run_id=scheduled__2026-07-16T06:29:00+00:00, execution_date=20260716T062900, start_date=20260716T063005, end_date=20260716T063005
[2026-07-16T06:30:06.013+0000] {local_task_job_runner.py:243} INFO - Task exited with return code 0
[2026-07-16T06:30:06.056+0000] {taskinstance.py:3503} INFO - 1 downstream tasks scheduled from follow-on schedule check
[2026-07-16T06:30:06.062+0000] {local_task_job_runner.py:222} INFO - ::endgroup::
