[2026-07-20T06:29:11.549+0000] {local_task_job_runner.py:120} INFO - ::group::Pre task execution logs
[2026-07-20T06:29:11.588+0000] {taskinstance.py:2076} INFO - Dependencies all met for dep_context=non-requeueable deps ti=<TaskInstance: minio_to_snowflake_banking.load_snowflake scheduled__2026-07-20T06:28:00+00:00 [queued]>
[2026-07-20T06:29:11.597+0000] {taskinstance.py:2076} INFO - Dependencies all met for dep_context=requeueable deps ti=<TaskInstance: minio_to_snowflake_banking.load_snowflake scheduled__2026-07-20T06:28:00+00:00 [queued]>
[2026-07-20T06:29:11.597+0000] {taskinstance.py:2306} INFO - Starting attempt 1 of 2
[2026-07-20T06:29:11.612+0000] {taskinstance.py:2330} INFO - Executing <Task(PythonOperator): load_snowflake> on 2026-07-20 06:28:00+00:00
[2026-07-20T06:29:11.630+0000] {logging_mixin.py:188} WARNING - /home/***/.local/lib/python3.12/site-packages/***/task/task_runner/standard_task_runner.py:62 DeprecationWarning: This process (pid=12295) is multi-threaded, use of fork() may lead to deadlocks in the child.
[2026-07-20T06:29:11.625+0000] {standard_task_runner.py:90} INFO - Running: ['***', 'tasks', 'run', 'minio_to_snowflake_banking', 'load_snowflake', 'scheduled__2026-07-20T06:28:00+00:00', '--job-id', '135', '--raw', '--subdir', 'DAGS_FOLDER/minio_to_snowflake.py', '--cfg-path', '/tmp/tmpa4tzvdrg']
[2026-07-20T06:29:11.632+0000] {standard_task_runner.py:64} INFO - Started process 12306 to run task
[2026-07-20T06:29:11.633+0000] {standard_task_runner.py:91} INFO - Job 135: Subtask load_snowflake
[2026-07-20T06:29:11.713+0000] {task_command.py:426} INFO - Running <TaskInstance: minio_to_snowflake_banking.load_snowflake scheduled__2026-07-20T06:28:00+00:00 [running]> on host a23c440024ac
[2026-07-20T06:29:11.840+0000] {taskinstance.py:2648} INFO - Exporting env vars: AIRFLOW_CTX_DAG_OWNER='***' AIRFLOW_CTX_DAG_ID='minio_to_snowflake_banking' AIRFLOW_CTX_TASK_ID='load_snowflake' AIRFLOW_CTX_EXECUTION_DATE='2026-07-20T06:28:00+00:00' AIRFLOW_CTX_TRY_NUMBER='1' AIRFLOW_CTX_DAG_RUN_ID='scheduled__2026-07-20T06:28:00+00:00'
[2026-07-20T06:29:11.842+0000] {taskinstance.py:430} INFO - ::endgroup::
[2026-07-20T06:29:12.160+0000] {connection.py:638} INFO - Snowflake Connector for Python Version: 4.6.0, Python Version: 3.12.4, Platform: Linux-6.6.87.2-microsoft-standard-WSL2-x86_64-with-glibc2.36
[2026-07-20T06:29:12.163+0000] {connection.py:1760} INFO - Connecting to GLOBAL Snowflake domain
[2026-07-20T06:29:13.978+0000] {logging_mixin.py:188} INFO - Uploaded /tmp/minio_downloads/customers_144205759953.parquet -> @customers stage
[2026-07-20T06:29:14.265+0000] {logging_mixin.py:188} INFO - Uploaded /tmp/minio_downloads/customers_115310492559.parquet -> @customers stage
[2026-07-20T06:29:14.606+0000] {logging_mixin.py:188} INFO - Data loaded into customers
[2026-07-20T06:29:14.849+0000] {logging_mixin.py:188} INFO - Uploaded /tmp/minio_downloads/accounts_144206008494.parquet -> @accounts stage
[2026-07-20T06:29:15.095+0000] {logging_mixin.py:188} INFO - Uploaded /tmp/minio_downloads/accounts_144206094658.parquet -> @accounts stage
[2026-07-20T06:29:15.320+0000] {logging_mixin.py:188} INFO - Uploaded /tmp/minio_downloads/accounts_115310126544.parquet -> @accounts stage
[2026-07-20T06:29:15.547+0000] {logging_mixin.py:188} INFO - Uploaded /tmp/minio_downloads/accounts_115311006475.parquet -> @accounts stage
[2026-07-20T06:29:15.855+0000] {logging_mixin.py:188} INFO - Data loaded into accounts
[2026-07-20T06:29:16.107+0000] {logging_mixin.py:188} INFO - Uploaded /tmp/minio_downloads/transactions_144205359683.parquet -> @transactions stage
[2026-07-20T06:29:16.347+0000] {logging_mixin.py:188} INFO - Uploaded /tmp/minio_downloads/transactions_144205455463.parquet -> @transactions stage
[2026-07-20T06:29:16.603+0000] {logging_mixin.py:188} INFO - Uploaded /tmp/minio_downloads/transactions_144205548980.parquet -> @transactions stage
[2026-07-20T06:29:16.851+0000] {logging_mixin.py:188} INFO - Uploaded /tmp/minio_downloads/transactions_144205623989.parquet -> @transactions stage
[2026-07-20T06:29:17.098+0000] {logging_mixin.py:188} INFO - Uploaded /tmp/minio_downloads/transactions_144205696904.parquet -> @transactions stage
[2026-07-20T06:29:17.338+0000] {logging_mixin.py:188} INFO - Uploaded /tmp/minio_downloads/transactions_115309842828.parquet -> @transactions stage
[2026-07-20T06:29:17.573+0000] {logging_mixin.py:188} INFO - Uploaded /tmp/minio_downloads/transactions_115310015497.parquet -> @transactions stage
[2026-07-20T06:29:17.803+0000] {logging_mixin.py:188} INFO - Uploaded /tmp/minio_downloads/transactions_115310611735.parquet -> @transactions stage
[2026-07-20T06:29:18.033+0000] {logging_mixin.py:188} INFO - Uploaded /tmp/minio_downloads/transactions_115310770984.parquet -> @transactions stage
[2026-07-20T06:29:18.262+0000] {logging_mixin.py:188} INFO - Uploaded /tmp/minio_downloads/transactions_115310850567.parquet -> @transactions stage
[2026-07-20T06:29:18.495+0000] {logging_mixin.py:188} INFO - Uploaded /tmp/minio_downloads/transactions_115310916075.parquet -> @transactions stage
[2026-07-20T06:29:18.817+0000] {logging_mixin.py:188} INFO - Data loaded into transactions
[2026-07-20T06:29:19.033+0000] {python.py:237} INFO - Done. Returned value was: None
[2026-07-20T06:29:19.034+0000] {taskinstance.py:441} INFO - ::group::Post task execution logs
[2026-07-20T06:29:19.049+0000] {taskinstance.py:1206} INFO - Marking task as SUCCESS. dag_id=minio_to_snowflake_banking, task_id=load_snowflake, run_id=scheduled__2026-07-20T06:28:00+00:00, execution_date=20260720T062800, start_date=20260720T062911, end_date=20260720T062919
[2026-07-20T06:29:19.092+0000] {local_task_job_runner.py:243} INFO - Task exited with return code 0
[2026-07-20T06:29:19.112+0000] {taskinstance.py:3503} INFO - 0 downstream tasks scheduled from follow-on schedule check
[2026-07-20T06:29:19.116+0000] {local_task_job_runner.py:222} INFO - ::endgroup::
