[0m12:15:17.693845 [debug] [MainThread]: Sending event: {'category': 'dbt', 'action': 'invocation', 'label': 'start', 'context': [<snowplow_tracker.self_describing_json.SelfDescribingJson object at 0x0000024395E11F10>, <snowplow_tracker.self_describing_json.SelfDescribingJson object at 0x0000024395D43200>, <snowplow_tracker.self_describing_json.SelfDescribingJson object at 0x0000024393360A40>]}


============================== 12:15:17.709495 | 95f158b4-d578-4dbc-b816-ac5592dcc221 ==============================
[0m12:15:17.709495 [info ] [MainThread]: Running with dbt=1.11.12
[0m12:15:17.709495 [debug] [MainThread]: running dbt with arguments {'static_parser': 'True', 'no_print': 'None', 'version_check': 'True', 'target_path': 'None', 'warn_error_options': 'WarnErrorOptionsV2(error=[], warn=[], silence=[])', 'printer_width': '80', 'write_json': 'True', 'introspect': 'True', 'log_cache_events': 'False', 'empty': 'None', 'cache_selected_only': 'False', 'fail_fast': 'False', 'debug': 'False', 'log_format': 'default', 'partial_parse': 'True', 'send_anonymous_usage_stats': 'True', 'quiet': 'False', 'warn_error': 'None', 'profiles_dir': 'C:\\Users\\kalpit.raorane\\.dbt', 'use_colors': 'True', 'indirect_selection': 'eager', 'invocation_command': 'dbt init dbt_banking', 'use_experimental_parser': 'False', 'log_path': 'logs'}
[0m12:15:17.837264 [debug] [MainThread]: Starter project path: C:\Users\kalpit.raorane\AppData\Local\Programs\Python\Python312\Lib\site-packages\dbt\include\starter_project
[0m12:15:18.086482 [info ] [MainThread]: 
Your new dbt project "dbt_banking" was created!

For more information on how to configure the profiles.yml file,
please consult the dbt documentation here:

  https://docs.getdbt.com/docs/configure-your-profile

One more thing:

Need help? Don't hesitate to reach out to us via GitHub issues or on Slack:

  https://community.getdbt.com/

Happy modeling!

[0m12:15:18.086482 [info ] [MainThread]: Setting up your profile.
[0m12:16:58.128302 [debug] [MainThread]: Snowflake adapter: Setting snowflake.connector to ERROR (file logging only)
[0m12:16:58.129302 [debug] [MainThread]: Snowflake adapter: Setting botocore to ERROR (file logging only)
[0m12:16:58.130303 [debug] [MainThread]: Snowflake adapter: Setting boto3 to ERROR (file logging only)
[0m12:28:11.346904 [info ] [MainThread]: Profile dbt_banking written to C:\Users\kalpit.raorane\.dbt\profiles.yml using target's profile_template.yml and your supplied values. Run 'dbt debug' to validate the connection.
[0m12:28:11.348832 [debug] [MainThread]: Command `dbt init` succeeded at 12:28:11.348832 after 773.88 seconds
[0m12:28:11.348832 [debug] [MainThread]: Sending event: {'category': 'dbt', 'action': 'invocation', 'label': 'end', 'context': [<snowplow_tracker.self_describing_json.SelfDescribingJson object at 0x0000024396409D00>, <snowplow_tracker.self_describing_json.SelfDescribingJson object at 0x00000243A86618E0>, <snowplow_tracker.self_describing_json.SelfDescribingJson object at 0x00000243A63D5670>]}
[0m12:28:11.348832 [debug] [MainThread]: Flushing usage events
[0m12:28:12.294420 [debug] [MainThread]: An error was encountered while trying to flush usage events
[0m12:30:14.466741 [debug] [MainThread]: Sending event: {'category': 'dbt', 'action': 'invocation', 'label': 'start', 'context': [<snowplow_tracker.self_describing_json.SelfDescribingJson object at 0x000001DAE3B56000>, <snowplow_tracker.self_describing_json.SelfDescribingJson object at 0x000001DAE19F8FE0>, <snowplow_tracker.self_describing_json.SelfDescribingJson object at 0x000001DAE3F3EFC0>]}


============================== 12:30:14.478753 | b7b860c2-0b3c-42b6-97f3-35a7671b0ac5 ==============================
[0m12:30:14.478753 [info ] [MainThread]: Running with dbt=1.11.12
[0m12:30:14.479757 [debug] [MainThread]: running dbt with arguments {'static_parser': 'True', 'no_print': 'None', 'version_check': 'True', 'warn_error_options': 'WarnErrorOptionsV2(error=[], warn=[], silence=[])', 'target_path': 'None', 'printer_width': '80', 'write_json': 'True', 'empty': 'None', 'log_cache_events': 'False', 'introspect': 'True', 'cache_selected_only': 'False', 'fail_fast': 'False', 'debug': 'False', 'log_format': 'default', 'partial_parse': 'True', 'send_anonymous_usage_stats': 'True', 'quiet': 'False', 'warn_error': 'None', 'profiles_dir': 'C:\\Users\\kalpit.raorane\\.dbt', 'invocation_command': 'dbt debug', 'indirect_selection': 'eager', 'use_colors': 'True', 'use_experimental_parser': 'False', 'log_path': 'logs'}
[0m12:30:14.598665 [info ] [MainThread]: dbt version: 1.11.12
[0m12:30:14.598665 [info ] [MainThread]: python version: 3.12.3
[0m12:30:14.598665 [info ] [MainThread]: python path: C:\Users\kalpit.raorane\AppData\Local\Programs\Python\Python312\python.exe
[0m12:30:14.598665 [info ] [MainThread]: os info: Windows-11-10.0.22631-SP0
[0m12:30:19.507262 [debug] [MainThread]: Snowflake adapter: Setting snowflake.connector to ERROR (file logging only)
[0m12:30:19.507262 [debug] [MainThread]: Snowflake adapter: Setting botocore to ERROR (file logging only)
[0m12:30:19.507262 [debug] [MainThread]: Snowflake adapter: Setting boto3 to ERROR (file logging only)
[0m12:30:19.651388 [info ] [MainThread]: Error importing adapter: No module named 'dbt.adapters.databricks'
[0m12:30:19.651388 [info ] [MainThread]: Using profiles dir at C:\Users\kalpit.raorane\.dbt
[0m12:30:19.651388 [info ] [MainThread]: Using profiles.yml file at C:\Users\kalpit.raorane\.dbt\profiles.yml
[0m12:30:19.651388 [info ] [MainThread]: Using dbt_project.yml file at D:\DE-PROJECT\dbt_project.yml
[0m12:30:19.651388 [info ] [MainThread]: Configuration:
[0m12:30:19.651388 [info ] [MainThread]:   profiles.yml file [[31mERROR invalid[0m]
[0m12:30:19.651388 [info ] [MainThread]:   dbt_project.yml file [[31mERROR not found[0m]
[0m12:30:19.663679 [info ] [MainThread]: Required dependencies:
[0m12:30:19.665088 [debug] [MainThread]: Executing "git --help"
[0m12:30:19.771960 [debug] [MainThread]: STDOUT: "b"usage: git [-v | --version] [-h | --help] [-C <path>] [-c <name>=<value>]\n           [--exec-path[=<path>]] [--html-path] [--man-path] [--info-path]\n           [-p | --paginate | -P | --no-pager] [--no-replace-objects] [--no-lazy-fetch]\n           [--no-optional-locks] [--no-advice] [--bare] [--git-dir=<path>]\n           [--work-tree=<path>] [--namespace=<name>] [--config-env=<name>=<envvar>]\n           <command> [<args>]\n\nThese are common Git commands used in various situations:\n\nstart a working area (see also: git help tutorial)\n   clone      Clone a repository into a new directory\n   init       Create an empty Git repository or reinitialize an existing one\n\nwork on the current change (see also: git help everyday)\n   add        Add file contents to the index\n   mv         Move or rename a file, a directory, or a symlink\n   restore    Restore working tree files\n   rm         Remove files from the working tree and from the index\n\nexamine the history and state (see also: git help revisions)\n   bisect     Use binary search to find the commit that introduced a bug\n   diff       Show changes between commits, commit and working tree, etc\n   grep       Print lines matching a pattern\n   log        Show commit logs\n   show       Show various types of objects\n   status     Show the working tree status\n\ngrow, mark and tweak your common history\n   backfill   Download missing objects in a partial clone\n   branch     List, create, or delete branches\n   commit     Record changes to the repository\n   merge      Join two or more development histories together\n   rebase     Reapply commits on top of another base tip\n   reset      Reset current HEAD to the specified state\n   switch     Switch branches\n   tag        Create, list, delete or verify a tag object signed with GPG\n\ncollaborate (see also: git help workflows)\n   fetch      Download objects and refs from another repository\n   pull       Fetch from and integrate with another repository or a local branch\n   push       Update remote refs along with associated objects\n\n'git help -a' and 'git help -g' list available subcommands and some\nconcept guides. See 'git help <command>' or 'git help <concept>'\nto read about a specific subcommand or concept.\nSee 'git help git' for an overview of the system.\n""
[0m12:30:19.771960 [debug] [MainThread]: STDERR: "b''"
[0m12:30:19.771960 [info ] [MainThread]:  - git [[32mOK found[0m]

[0m12:30:19.771960 [info ] [MainThread]: Connection test skipped since no profile was found
[0m12:30:19.771960 [info ] [MainThread]: [31m2 checks failed:[0m
[0m12:30:19.771960 [info ] [MainThread]: Could not load dbt_project.yml
Profile loading failed for the following reason:
Runtime Error
  Credentials in profile "dev_dbt", target "dev" invalid: Runtime Error
    Could not find adapter type databricks!


[0m12:30:19.771960 [info ] [MainThread]: Project loading failed for the following reason:
 project path <D:\DE-PROJECT\dbt_project.yml> not found

[0m12:30:19.771960 [debug] [MainThread]: Command `dbt debug` failed at 12:30:19.771960 after 5.59 seconds
[0m12:30:19.771960 [debug] [MainThread]: Sending event: {'category': 'dbt', 'action': 'invocation', 'label': 'end', 'context': [<snowplow_tracker.self_describing_json.SelfDescribingJson object at 0x000001DAF6054CB0>, <snowplow_tracker.self_describing_json.SelfDescribingJson object at 0x000001DAF4E42A80>, <snowplow_tracker.self_describing_json.SelfDescribingJson object at 0x000001DAF6C5BE90>]}
[0m12:30:19.771960 [debug] [MainThread]: Flushing usage events
[0m12:30:20.862241 [debug] [MainThread]: An error was encountered while trying to flush usage events
[0m14:49:51.540961 [debug] [MainThread]: Sending event: {'category': 'dbt', 'action': 'invocation', 'label': 'start', 'context': [<snowplow_tracker.self_describing_json.SelfDescribingJson object at 0x000001F47AE8AE40>, <snowplow_tracker.self_describing_json.SelfDescribingJson object at 0x000001F47DDE45F0>, <snowplow_tracker.self_describing_json.SelfDescribingJson object at 0x000001F47CE86DB0>]}


============================== 14:49:51.557563 | bbb19cda-0242-4064-927e-6664b0109c9c ==============================
[0m14:49:51.557563 [info ] [MainThread]: Running with dbt=1.11.12
[0m14:49:51.557563 [debug] [MainThread]: running dbt with arguments {'static_parser': 'True', 'no_print': 'None', 'version_check': 'True', 'target_path': 'None', 'warn_error_options': 'WarnErrorOptionsV2(error=[], warn=[], silence=[])', 'printer_width': '80', 'write_json': 'True', 'empty': 'False', 'log_cache_events': 'False', 'introspect': 'True', 'cache_selected_only': 'False', 'log_format': 'default', 'debug': 'False', 'fail_fast': 'False', 'profiles_dir': 'C:\\Users\\kalpit.raorane\\.dbt', 'send_anonymous_usage_stats': 'True', 'quiet': 'False', 'warn_error': 'None', 'partial_parse': 'True', 'indirect_selection': 'eager', 'invocation_command': 'dbt run', 'use_colors': 'True', 'use_experimental_parser': 'False', 'log_path': 'logs'}
[0m14:49:51.557563 [error] [MainThread]: Encountered an error:
Runtime Error
  No dbt_project.yml found at expected path D:\DE-PROJECT\dbt_project.yml
  Verify that each entry within packages.yml (and their transitive dependencies) contains a file named dbt_project.yml
  
[0m14:49:51.557563 [debug] [MainThread]: Command `dbt run` failed at 14:49:51.557563 after 0.29 seconds
[0m14:49:51.557563 [debug] [MainThread]: Sending event: {'category': 'dbt', 'action': 'invocation', 'label': 'end', 'context': [<snowplow_tracker.self_describing_json.SelfDescribingJson object at 0x000001F47DD75A00>, <snowplow_tracker.self_describing_json.SelfDescribingJson object at 0x000001F47D50FF20>, <snowplow_tracker.self_describing_json.SelfDescribingJson object at 0x000001F47DEBE0C0>]}
[0m14:49:51.557563 [debug] [MainThread]: Flushing usage events
[0m14:49:52.648246 [debug] [MainThread]: An error was encountered while trying to flush usage events
