[2026-07-20T10:38:27.092+0000] {local_task_job_runner.py:120} INFO - ::group::Pre task execution logs
[2026-07-20T10:38:27.131+0000] {taskinstance.py:2076} INFO - Dependencies all met for dep_context=non-requeueable deps ti=<TaskInstance: SCD2_snapshots.dbt_snapshot manual__2026-07-20T10:37:14.869452+00:00 [queued]>
[2026-07-20T10:38:27.141+0000] {taskinstance.py:2076} INFO - Dependencies all met for dep_context=requeueable deps ti=<TaskInstance: SCD2_snapshots.dbt_snapshot manual__2026-07-20T10:37:14.869452+00:00 [queued]>
[2026-07-20T10:38:27.142+0000] {taskinstance.py:2306} INFO - Starting attempt 2 of 2
[2026-07-20T10:38:27.159+0000] {taskinstance.py:2330} INFO - Executing <Task(BashOperator): dbt_snapshot> on 2026-07-20 10:37:14.869452+00:00
[2026-07-20T10:38:27.164+0000] {standard_task_runner.py:64} INFO - Started process 16507 to run task
[2026-07-20T10:38:27.168+0000] {standard_task_runner.py:90} INFO - Running: ['***', 'tasks', 'run', 'SCD2_snapshots', 'dbt_snapshot', 'manual__2026-07-20T10:37:14.869452+00:00', '--job-id', '190', '--raw', '--subdir', 'DAGS_FOLDER/scd.py', '--cfg-path', '/tmp/tmpc4rvze4g']
[2026-07-20T10:38:27.173+0000] {standard_task_runner.py:91} INFO - Job 190: Subtask dbt_snapshot
[2026-07-20T10:38:27.256+0000] {task_command.py:426} INFO - Running <TaskInstance: SCD2_snapshots.dbt_snapshot manual__2026-07-20T10:37:14.869452+00:00 [running]> on host a23c440024ac
[2026-07-20T10:38:27.385+0000] {taskinstance.py:2648} INFO - Exporting env vars: AIRFLOW_CTX_DAG_OWNER='***' AIRFLOW_CTX_DAG_ID='SCD2_snapshots' AIRFLOW_CTX_TASK_ID='dbt_snapshot' AIRFLOW_CTX_EXECUTION_DATE='2026-07-20T10:37:14.869452+00:00' AIRFLOW_CTX_TRY_NUMBER='2' AIRFLOW_CTX_DAG_RUN_ID='manual__2026-07-20T10:37:14.869452+00:00'
[2026-07-20T10:38:27.387+0000] {taskinstance.py:430} INFO - ::endgroup::
[2026-07-20T10:38:27.411+0000] {subprocess.py:63} INFO - Tmp dir root location: /tmp
[2026-07-20T10:38:27.413+0000] {subprocess.py:75} INFO - Running command: ['/usr/bin/bash', '-c', 'cd /opt/***/banking_dbt && dbt snapshot --profiles-dir /home/***/.dbt']
[2026-07-20T10:38:27.422+0000] {subprocess.py:86} INFO - Output:
[2026-07-20T10:38:30.042+0000] {subprocess.py:93} INFO - Usage: dbt snapshot [OPTIONS]
[2026-07-20T10:38:30.043+0000] {subprocess.py:93} INFO - Try 'dbt snapshot --help' for help.
[2026-07-20T10:38:30.044+0000] {subprocess.py:93} INFO - 
[2026-07-20T10:38:30.044+0000] {subprocess.py:93} INFO - Error: Invalid value for '--profiles-dir': Path '/home/***/.dbt' does not exist.
[2026-07-20T10:38:30.281+0000] {subprocess.py:97} INFO - Command exited with return code 2
[2026-07-20T10:38:30.282+0000] {taskinstance.py:441} INFO - ::group::Post task execution logs
[2026-07-20T10:38:30.438+0000] {taskinstance.py:2905} ERROR - Task failed with exception
Traceback (most recent call last):
  File "/home/airflow/.local/lib/python3.12/site-packages/airflow/models/taskinstance.py", line 465, in _execute_task
    result = _execute_callable(context=context, **execute_callable_kwargs)
             ^^^^^^^^^^^^^^^^^^^^^^^^^^^^^^^^^^^^^^^^^^^^^^^^^^^^^^^^^^^^^
  File "/home/airflow/.local/lib/python3.12/site-packages/airflow/models/taskinstance.py", line 432, in _execute_callable
    return execute_callable(context=context, **execute_callable_kwargs)
           ^^^^^^^^^^^^^^^^^^^^^^^^^^^^^^^^^^^^^^^^^^^^^^^^^^^^^^^^^^^^
  File "/home/airflow/.local/lib/python3.12/site-packages/airflow/models/baseoperator.py", line 401, in wrapper
    return func(self, *args, **kwargs)
           ^^^^^^^^^^^^^^^^^^^^^^^^^^^
  File "/home/airflow/.local/lib/python3.12/site-packages/airflow/operators/bash.py", line 243, in execute
    raise AirflowException(
airflow.exceptions.AirflowException: Bash command failed. The command returned a non-zero exit code 2.
[2026-07-20T10:38:30.443+0000] {taskinstance.py:1206} INFO - Marking task as FAILED. dag_id=SCD2_snapshots, task_id=dbt_snapshot, run_id=manual__2026-07-20T10:37:14.869452+00:00, execution_date=20260720T103714, start_date=20260720T103827, end_date=20260720T103830
[2026-07-20T10:38:30.457+0000] {standard_task_runner.py:110} ERROR - Failed to execute job 190 for task dbt_snapshot (Bash command failed. The command returned a non-zero exit code 2.; 16507)
[2026-07-20T10:38:30.475+0000] {local_task_job_runner.py:243} INFO - Task exited with return code 1
[2026-07-20T10:38:30.501+0000] {taskinstance.py:3503} INFO - 0 downstream tasks scheduled from follow-on schedule check
[2026-07-20T10:38:30.505+0000] {local_task_job_runner.py:222} INFO - ::endgroup::
