[2026-07-20T06:39:04.430+0000] {local_task_job_runner.py:120} INFO - ::group::Pre task execution logs
[2026-07-20T06:39:04.468+0000] {taskinstance.py:2076} INFO - Dependencies all met for dep_context=non-requeueable deps ti=<TaskInstance: minio_to_snowflake_banking.download_minio scheduled__2026-07-20T06:38:00+00:00 [queued]>
[2026-07-20T06:39:04.478+0000] {taskinstance.py:2076} INFO - Dependencies all met for dep_context=requeueable deps ti=<TaskInstance: minio_to_snowflake_banking.download_minio scheduled__2026-07-20T06:38:00+00:00 [queued]>
[2026-07-20T06:39:04.479+0000] {taskinstance.py:2306} INFO - Starting attempt 1 of 2
[2026-07-20T06:39:04.491+0000] {taskinstance.py:2330} INFO - Executing <Task(PythonOperator): download_minio> on 2026-07-20 06:38:00+00:00
[2026-07-20T06:39:04.501+0000] {standard_task_runner.py:90} INFO - Running: ['***', 'tasks', 'run', 'minio_to_snowflake_banking', 'download_minio', 'scheduled__2026-07-20T06:38:00+00:00', '--job-id', '154', '--raw', '--subdir', 'DAGS_FOLDER/minio_to_snowflake.py', '--cfg-path', '/tmp/tmptb_r4oc2']
[2026-07-20T06:39:04.505+0000] {standard_task_runner.py:91} INFO - Job 154: Subtask download_minio
[2026-07-20T06:39:04.505+0000] {logging_mixin.py:188} WARNING - /home/***/.local/lib/python3.12/site-packages/***/task/task_runner/standard_task_runner.py:62 DeprecationWarning: This process (pid=13129) is multi-threaded, use of fork() may lead to deadlocks in the child.
[2026-07-20T06:39:04.506+0000] {standard_task_runner.py:64} INFO - Started process 13140 to run task
[2026-07-20T06:39:04.593+0000] {task_command.py:426} INFO - Running <TaskInstance: minio_to_snowflake_banking.download_minio scheduled__2026-07-20T06:38:00+00:00 [running]> on host a23c440024ac
[2026-07-20T06:39:04.715+0000] {taskinstance.py:2648} INFO - Exporting env vars: AIRFLOW_CTX_DAG_OWNER='***' AIRFLOW_CTX_DAG_ID='minio_to_snowflake_banking' AIRFLOW_CTX_TASK_ID='download_minio' AIRFLOW_CTX_EXECUTION_DATE='2026-07-20T06:38:00+00:00' AIRFLOW_CTX_TRY_NUMBER='1' AIRFLOW_CTX_DAG_RUN_ID='scheduled__2026-07-20T06:38:00+00:00'
[2026-07-20T06:39:04.717+0000] {taskinstance.py:430} INFO - ::endgroup::
[2026-07-20T06:39:05.160+0000] {logging_mixin.py:188} INFO - Downloaded customers/date=2026-07-15/customers_144205759953.parquet -> /tmp/minio_downloads/customers_144205759953.parquet
[2026-07-20T06:39:05.181+0000] {logging_mixin.py:188} INFO - Downloaded customers/date=2026-07-20/customers_115310492559.parquet -> /tmp/minio_downloads/customers_115310492559.parquet
[2026-07-20T06:39:05.240+0000] {logging_mixin.py:188} INFO - Downloaded accounts/date=2026-07-15/accounts_144206008494.parquet -> /tmp/minio_downloads/accounts_144206008494.parquet
[2026-07-20T06:39:05.261+0000] {logging_mixin.py:188} INFO - Downloaded accounts/date=2026-07-15/accounts_144206094658.parquet -> /tmp/minio_downloads/accounts_144206094658.parquet
[2026-07-20T06:39:05.282+0000] {logging_mixin.py:188} INFO - Downloaded accounts/date=2026-07-20/accounts_115310126544.parquet -> /tmp/minio_downloads/accounts_115310126544.parquet
[2026-07-20T06:39:05.302+0000] {logging_mixin.py:188} INFO - Downloaded accounts/date=2026-07-20/accounts_115311006475.parquet -> /tmp/minio_downloads/accounts_115311006475.parquet
[2026-07-20T06:39:05.397+0000] {logging_mixin.py:188} INFO - Downloaded transactions/date=2026-07-15/transactions_144205359683.parquet -> /tmp/minio_downloads/transactions_144205359683.parquet
[2026-07-20T06:39:05.416+0000] {logging_mixin.py:188} INFO - Downloaded transactions/date=2026-07-15/transactions_144205455463.parquet -> /tmp/minio_downloads/transactions_144205455463.parquet
[2026-07-20T06:39:05.436+0000] {logging_mixin.py:188} INFO - Downloaded transactions/date=2026-07-15/transactions_144205548980.parquet -> /tmp/minio_downloads/transactions_144205548980.parquet
[2026-07-20T06:39:05.456+0000] {logging_mixin.py:188} INFO - Downloaded transactions/date=2026-07-15/transactions_144205623989.parquet -> /tmp/minio_downloads/transactions_144205623989.parquet
[2026-07-20T06:39:05.487+0000] {logging_mixin.py:188} INFO - Downloaded transactions/date=2026-07-15/transactions_144205696904.parquet -> /tmp/minio_downloads/transactions_144205696904.parquet
[2026-07-20T06:39:05.504+0000] {logging_mixin.py:188} INFO - Downloaded transactions/date=2026-07-20/transactions_115309842828.parquet -> /tmp/minio_downloads/transactions_115309842828.parquet
[2026-07-20T06:39:05.542+0000] {logging_mixin.py:188} INFO - Downloaded transactions/date=2026-07-20/transactions_115310015497.parquet -> /tmp/minio_downloads/transactions_115310015497.parquet
[2026-07-20T06:39:05.575+0000] {logging_mixin.py:188} INFO - Downloaded transactions/date=2026-07-20/transactions_115310611735.parquet -> /tmp/minio_downloads/transactions_115310611735.parquet
[2026-07-20T06:39:05.610+0000] {logging_mixin.py:188} INFO - Downloaded transactions/date=2026-07-20/transactions_115310770984.parquet -> /tmp/minio_downloads/transactions_115310770984.parquet
[2026-07-20T06:39:05.669+0000] {logging_mixin.py:188} INFO - Downloaded transactions/date=2026-07-20/transactions_115310850567.parquet -> /tmp/minio_downloads/transactions_115310850567.parquet
[2026-07-20T06:39:05.688+0000] {logging_mixin.py:188} INFO - Downloaded transactions/date=2026-07-20/transactions_115310916075.parquet -> /tmp/minio_downloads/transactions_115310916075.parquet
[2026-07-20T06:39:05.689+0000] {python.py:237} INFO - Done. Returned value was: {'customers': ['/tmp/minio_downloads/customers_144205759953.parquet', '/tmp/minio_downloads/customers_115310492559.parquet'], 'accounts': ['/tmp/minio_downloads/accounts_144206008494.parquet', '/tmp/minio_downloads/accounts_144206094658.parquet', '/tmp/minio_downloads/accounts_115310126544.parquet', '/tmp/minio_downloads/accounts_115311006475.parquet'], 'transactions': ['/tmp/minio_downloads/transactions_144205359683.parquet', '/tmp/minio_downloads/transactions_144205455463.parquet', '/tmp/minio_downloads/transactions_144205548980.parquet', '/tmp/minio_downloads/transactions_144205623989.parquet', '/tmp/minio_downloads/transactions_144205696904.parquet', '/tmp/minio_downloads/transactions_115309842828.parquet', '/tmp/minio_downloads/transactions_115310015497.parquet', '/tmp/minio_downloads/transactions_115310611735.parquet', '/tmp/minio_downloads/transactions_115310770984.parquet', '/tmp/minio_downloads/transactions_115310850567.parquet', '/tmp/minio_downloads/transactions_115310916075.parquet']}
[2026-07-20T06:39:05.690+0000] {taskinstance.py:441} INFO - ::group::Post task execution logs
[2026-07-20T06:39:05.725+0000] {taskinstance.py:1206} INFO - Marking task as SUCCESS. dag_id=minio_to_snowflake_banking, task_id=download_minio, run_id=scheduled__2026-07-20T06:38:00+00:00, execution_date=20260720T063800, start_date=20260720T063904, end_date=20260720T063905
[2026-07-20T06:39:05.767+0000] {local_task_job_runner.py:243} INFO - Task exited with return code 0
[2026-07-20T06:39:05.793+0000] {taskinstance.py:3503} INFO - 1 downstream tasks scheduled from follow-on schedule check
[2026-07-20T06:39:05.797+0000] {local_task_job_runner.py:222} INFO - ::endgroup::
