[2026-07-20T06:30:10.721+0000] {local_task_job_runner.py:120} INFO - ::group::Pre task execution logs
[2026-07-20T06:30:10.756+0000] {taskinstance.py:2076} INFO - Dependencies all met for dep_context=non-requeueable deps ti=<TaskInstance: minio_to_snowflake_banking.load_snowflake scheduled__2026-07-20T06:29:00+00:00 [queued]>
[2026-07-20T06:30:10.767+0000] {taskinstance.py:2076} INFO - Dependencies all met for dep_context=requeueable deps ti=<TaskInstance: minio_to_snowflake_banking.load_snowflake scheduled__2026-07-20T06:29:00+00:00 [queued]>
[2026-07-20T06:30:10.768+0000] {taskinstance.py:2306} INFO - Starting attempt 1 of 2
[2026-07-20T06:30:10.781+0000] {taskinstance.py:2330} INFO - Executing <Task(PythonOperator): load_snowflake> on 2026-07-20 06:29:00+00:00
[2026-07-20T06:30:10.793+0000] {standard_task_runner.py:90} INFO - Running: ['***', 'tasks', 'run', 'minio_to_snowflake_banking', 'load_snowflake', 'scheduled__2026-07-20T06:29:00+00:00', '--job-id', '137', '--raw', '--subdir', 'DAGS_FOLDER/minio_to_snowflake.py', '--cfg-path', '/tmp/tmphvzmoa29']
[2026-07-20T06:30:10.797+0000] {logging_mixin.py:188} WARNING - /home/***/.local/lib/python3.12/site-packages/***/task/task_runner/standard_task_runner.py:62 DeprecationWarning: This process (pid=12379) is multi-threaded, use of fork() may lead to deadlocks in the child.
[2026-07-20T06:30:10.798+0000] {standard_task_runner.py:91} INFO - Job 137: Subtask load_snowflake
[2026-07-20T06:30:10.798+0000] {standard_task_runner.py:64} INFO - Started process 12394 to run task
[2026-07-20T06:30:10.873+0000] {task_command.py:426} INFO - Running <TaskInstance: minio_to_snowflake_banking.load_snowflake scheduled__2026-07-20T06:29:00+00:00 [running]> on host a23c440024ac
[2026-07-20T06:30:10.988+0000] {taskinstance.py:2648} INFO - Exporting env vars: AIRFLOW_CTX_DAG_OWNER='***' AIRFLOW_CTX_DAG_ID='minio_to_snowflake_banking' AIRFLOW_CTX_TASK_ID='load_snowflake' AIRFLOW_CTX_EXECUTION_DATE='2026-07-20T06:29:00+00:00' AIRFLOW_CTX_TRY_NUMBER='1' AIRFLOW_CTX_DAG_RUN_ID='scheduled__2026-07-20T06:29:00+00:00'
[2026-07-20T06:30:10.990+0000] {taskinstance.py:430} INFO - ::endgroup::
[2026-07-20T06:30:11.394+0000] {connection.py:638} INFO - Snowflake Connector for Python Version: 4.6.0, Python Version: 3.12.4, Platform: Linux-6.6.87.2-microsoft-standard-WSL2-x86_64-with-glibc2.36
[2026-07-20T06:30:11.396+0000] {connection.py:1760} INFO - Connecting to GLOBAL Snowflake domain
[2026-07-20T06:30:13.324+0000] {logging_mixin.py:188} INFO - Uploaded /tmp/minio_downloads/customers_144205759953.parquet -> @customers stage
[2026-07-20T06:30:13.575+0000] {logging_mixin.py:188} INFO - Uploaded /tmp/minio_downloads/customers_115310492559.parquet -> @customers stage
[2026-07-20T06:30:13.900+0000] {logging_mixin.py:188} INFO - Data loaded into customers
[2026-07-20T06:30:14.164+0000] {logging_mixin.py:188} INFO - Uploaded /tmp/minio_downloads/accounts_144206008494.parquet -> @accounts stage
[2026-07-20T06:30:14.428+0000] {logging_mixin.py:188} INFO - Uploaded /tmp/minio_downloads/accounts_144206094658.parquet -> @accounts stage
[2026-07-20T06:30:14.679+0000] {logging_mixin.py:188} INFO - Uploaded /tmp/minio_downloads/accounts_115310126544.parquet -> @accounts stage
[2026-07-20T06:30:14.930+0000] {logging_mixin.py:188} INFO - Uploaded /tmp/minio_downloads/accounts_115311006475.parquet -> @accounts stage
[2026-07-20T06:30:15.227+0000] {logging_mixin.py:188} INFO - Data loaded into accounts
[2026-07-20T06:30:15.480+0000] {logging_mixin.py:188} INFO - Uploaded /tmp/minio_downloads/transactions_144205359683.parquet -> @transactions stage
[2026-07-20T06:30:15.727+0000] {logging_mixin.py:188} INFO - Uploaded /tmp/minio_downloads/transactions_144205455463.parquet -> @transactions stage
[2026-07-20T06:30:15.973+0000] {logging_mixin.py:188} INFO - Uploaded /tmp/minio_downloads/transactions_144205548980.parquet -> @transactions stage
[2026-07-20T06:30:16.198+0000] {logging_mixin.py:188} INFO - Uploaded /tmp/minio_downloads/transactions_144205623989.parquet -> @transactions stage
[2026-07-20T06:30:16.427+0000] {logging_mixin.py:188} INFO - Uploaded /tmp/minio_downloads/transactions_144205696904.parquet -> @transactions stage
[2026-07-20T06:30:16.694+0000] {logging_mixin.py:188} INFO - Uploaded /tmp/minio_downloads/transactions_115309842828.parquet -> @transactions stage
[2026-07-20T06:30:16.929+0000] {logging_mixin.py:188} INFO - Uploaded /tmp/minio_downloads/transactions_115310015497.parquet -> @transactions stage
[2026-07-20T06:30:17.156+0000] {logging_mixin.py:188} INFO - Uploaded /tmp/minio_downloads/transactions_115310611735.parquet -> @transactions stage
[2026-07-20T06:30:17.383+0000] {logging_mixin.py:188} INFO - Uploaded /tmp/minio_downloads/transactions_115310770984.parquet -> @transactions stage
[2026-07-20T06:30:17.608+0000] {logging_mixin.py:188} INFO - Uploaded /tmp/minio_downloads/transactions_115310850567.parquet -> @transactions stage
[2026-07-20T06:30:17.839+0000] {logging_mixin.py:188} INFO - Uploaded /tmp/minio_downloads/transactions_115310916075.parquet -> @transactions stage
[2026-07-20T06:30:18.140+0000] {logging_mixin.py:188} INFO - Data loaded into transactions
[2026-07-20T06:30:18.352+0000] {python.py:237} INFO - Done. Returned value was: None
[2026-07-20T06:30:18.353+0000] {taskinstance.py:441} INFO - ::group::Post task execution logs
[2026-07-20T06:30:18.370+0000] {taskinstance.py:1206} INFO - Marking task as SUCCESS. dag_id=minio_to_snowflake_banking, task_id=load_snowflake, run_id=scheduled__2026-07-20T06:29:00+00:00, execution_date=20260720T062900, start_date=20260720T063010, end_date=20260720T063018
[2026-07-20T06:30:18.424+0000] {local_task_job_runner.py:243} INFO - Task exited with return code 0
[2026-07-20T06:30:18.446+0000] {taskinstance.py:3503} INFO - 0 downstream tasks scheduled from follow-on schedule check
[2026-07-20T06:30:18.449+0000] {local_task_job_runner.py:222} INFO - ::endgroup::
