[2026-07-20T11:00:51.380+0000] {local_task_job_runner.py:120} INFO - ::group::Pre task execution logs
[2026-07-20T11:00:51.420+0000] {taskinstance.py:2076} INFO - Dependencies all met for dep_context=non-requeueable deps ti=<TaskInstance: SCD2_snapshots.dbt_snapshot manual__2026-07-20T10:59:35.406934+00:00 [queued]>
[2026-07-20T11:00:51.428+0000] {taskinstance.py:2076} INFO - Dependencies all met for dep_context=requeueable deps ti=<TaskInstance: SCD2_snapshots.dbt_snapshot manual__2026-07-20T10:59:35.406934+00:00 [queued]>
[2026-07-20T11:00:51.429+0000] {taskinstance.py:2306} INFO - Starting attempt 2 of 2
[2026-07-20T11:00:51.446+0000] {taskinstance.py:2330} INFO - Executing <Task(BashOperator): dbt_snapshot> on 2026-07-20 10:59:35.406934+00:00
[2026-07-20T11:00:51.451+0000] {standard_task_runner.py:64} INFO - Started process 120 to run task
[2026-07-20T11:00:51.455+0000] {standard_task_runner.py:90} INFO - Running: ['***', 'tasks', 'run', 'SCD2_snapshots', 'dbt_snapshot', 'manual__2026-07-20T10:59:35.406934+00:00', '--job-id', '195', '--raw', '--subdir', 'DAGS_FOLDER/scd.py', '--cfg-path', '/tmp/tmpilr8gom7']
[2026-07-20T11:00:51.458+0000] {standard_task_runner.py:91} INFO - Job 195: Subtask dbt_snapshot
[2026-07-20T11:00:51.543+0000] {task_command.py:426} INFO - Running <TaskInstance: SCD2_snapshots.dbt_snapshot manual__2026-07-20T10:59:35.406934+00:00 [running]> on host 05e5bffcd3e2
[2026-07-20T11:00:51.672+0000] {taskinstance.py:2648} INFO - Exporting env vars: AIRFLOW_CTX_DAG_OWNER='***' AIRFLOW_CTX_DAG_ID='SCD2_snapshots' AIRFLOW_CTX_TASK_ID='dbt_snapshot' AIRFLOW_CTX_EXECUTION_DATE='2026-07-20T10:59:35.406934+00:00' AIRFLOW_CTX_TRY_NUMBER='2' AIRFLOW_CTX_DAG_RUN_ID='manual__2026-07-20T10:59:35.406934+00:00'
[2026-07-20T11:00:51.674+0000] {taskinstance.py:430} INFO - ::endgroup::
[2026-07-20T11:00:51.694+0000] {subprocess.py:63} INFO - Tmp dir root location: /tmp
[2026-07-20T11:00:51.696+0000] {subprocess.py:75} INFO - Running command: ['/usr/bin/bash', '-c', 'cd /opt/***/banking_dbt && dbt snapshot --profiles-dir /home/***/.dbt']
[2026-07-20T11:00:51.707+0000] {subprocess.py:86} INFO - Output:
[2026-07-20T11:00:54.942+0000] {subprocess.py:93} INFO - [0m11:00:54  Running with dbt=1.11.12
[2026-07-20T11:00:54.955+0000] {subprocess.py:93} INFO - [0m11:00:54  Encountered an error:
[2026-07-20T11:00:54.955+0000] {subprocess.py:93} INFO - Parsing Error
[2026-07-20T11:00:54.956+0000] {subprocess.py:93} INFO -   Env var required but not provided: 'SNOWFLAKE_ACCOUNT'
[2026-07-20T11:00:56.536+0000] {subprocess.py:97} INFO - Command exited with return code 2
[2026-07-20T11:00:56.537+0000] {taskinstance.py:441} INFO - ::group::Post task execution logs
[2026-07-20T11:00:56.733+0000] {taskinstance.py:2905} ERROR - Task failed with exception
Traceback (most recent call last):
  File "/home/airflow/.local/lib/python3.12/site-packages/airflow/models/taskinstance.py", line 465, in _execute_task
    result = _execute_callable(context=context, **execute_callable_kwargs)
             ^^^^^^^^^^^^^^^^^^^^^^^^^^^^^^^^^^^^^^^^^^^^^^^^^^^^^^^^^^^^^
  File "/home/airflow/.local/lib/python3.12/site-packages/airflow/models/taskinstance.py", line 432, in _execute_callable
    return execute_callable(context=context, **execute_callable_kwargs)
           ^^^^^^^^^^^^^^^^^^^^^^^^^^^^^^^^^^^^^^^^^^^^^^^^^^^^^^^^^^^^
  File "/home/airflow/.local/lib/python3.12/site-packages/airflow/models/baseoperator.py", line 401, in wrapper
    return func(self, *args, **kwargs)
           ^^^^^^^^^^^^^^^^^^^^^^^^^^^
  File "/home/airflow/.local/lib/python3.12/site-packages/airflow/operators/bash.py", line 243, in execute
    raise AirflowException(
airflow.exceptions.AirflowException: Bash command failed. The command returned a non-zero exit code 2.
[2026-07-20T11:00:56.738+0000] {taskinstance.py:1206} INFO - Marking task as FAILED. dag_id=SCD2_snapshots, task_id=dbt_snapshot, run_id=manual__2026-07-20T10:59:35.406934+00:00, execution_date=20260720T105935, start_date=20260720T110051, end_date=20260720T110056
[2026-07-20T11:00:56.753+0000] {standard_task_runner.py:110} ERROR - Failed to execute job 195 for task dbt_snapshot (Bash command failed. The command returned a non-zero exit code 2.; 120)
[2026-07-20T11:00:56.800+0000] {local_task_job_runner.py:243} INFO - Task exited with return code 1
[2026-07-20T11:00:56.867+0000] {taskinstance.py:3503} INFO - 0 downstream tasks scheduled from follow-on schedule check
[2026-07-20T11:00:56.872+0000] {local_task_job_runner.py:222} INFO - ::endgroup::
