[2026-07-20T06:45:16.921+0000] {local_task_job_runner.py:120} INFO - ::group::Pre task execution logs
[2026-07-20T06:45:16.953+0000] {taskinstance.py:2076} INFO - Dependencies all met for dep_context=non-requeueable deps ti=<TaskInstance: minio_to_snowflake_banking.load_snowflake scheduled__2026-07-20T06:44:00+00:00 [queued]>
[2026-07-20T06:45:16.962+0000] {taskinstance.py:2076} INFO - Dependencies all met for dep_context=requeueable deps ti=<TaskInstance: minio_to_snowflake_banking.load_snowflake scheduled__2026-07-20T06:44:00+00:00 [queued]>
[2026-07-20T06:45:16.963+0000] {taskinstance.py:2306} INFO - Starting attempt 1 of 2
[2026-07-20T06:45:16.976+0000] {taskinstance.py:2330} INFO - Executing <Task(PythonOperator): load_snowflake> on 2026-07-20 06:44:00+00:00
[2026-07-20T06:45:16.988+0000] {standard_task_runner.py:90} INFO - Running: ['***', 'tasks', 'run', 'minio_to_snowflake_banking', 'load_snowflake', 'scheduled__2026-07-20T06:44:00+00:00', '--job-id', '167', '--raw', '--subdir', 'DAGS_FOLDER/minio_to_snowflake.py', '--cfg-path', '/tmp/tmpzki9xsvx']
[2026-07-20T06:45:16.993+0000] {standard_task_runner.py:91} INFO - Job 167: Subtask load_snowflake
[2026-07-20T06:45:16.994+0000] {logging_mixin.py:188} WARNING - /home/***/.local/lib/python3.12/site-packages/***/task/task_runner/standard_task_runner.py:62 DeprecationWarning: This process (pid=13702) is multi-threaded, use of fork() may lead to deadlocks in the child.
[2026-07-20T06:45:16.995+0000] {standard_task_runner.py:64} INFO - Started process 13717 to run task
[2026-07-20T06:45:17.075+0000] {task_command.py:426} INFO - Running <TaskInstance: minio_to_snowflake_banking.load_snowflake scheduled__2026-07-20T06:44:00+00:00 [running]> on host a23c440024ac
[2026-07-20T06:45:17.204+0000] {taskinstance.py:2648} INFO - Exporting env vars: AIRFLOW_CTX_DAG_OWNER='***' AIRFLOW_CTX_DAG_ID='minio_to_snowflake_banking' AIRFLOW_CTX_TASK_ID='load_snowflake' AIRFLOW_CTX_EXECUTION_DATE='2026-07-20T06:44:00+00:00' AIRFLOW_CTX_TRY_NUMBER='1' AIRFLOW_CTX_DAG_RUN_ID='scheduled__2026-07-20T06:44:00+00:00'
[2026-07-20T06:45:17.206+0000] {taskinstance.py:430} INFO - ::endgroup::
[2026-07-20T06:45:17.585+0000] {connection.py:638} INFO - Snowflake Connector for Python Version: 4.6.0, Python Version: 3.12.4, Platform: Linux-6.6.87.2-microsoft-standard-WSL2-x86_64-with-glibc2.36
[2026-07-20T06:45:17.587+0000] {connection.py:1760} INFO - Connecting to GLOBAL Snowflake domain
[2026-07-20T06:45:19.369+0000] {logging_mixin.py:188} INFO - Uploaded /tmp/minio_downloads/customers_144205759953.parquet -> @customers stage
[2026-07-20T06:45:19.642+0000] {logging_mixin.py:188} INFO - Uploaded /tmp/minio_downloads/customers_115310492559.parquet -> @customers stage
[2026-07-20T06:45:19.979+0000] {logging_mixin.py:188} INFO - Data loaded into customers
[2026-07-20T06:45:20.242+0000] {logging_mixin.py:188} INFO - Uploaded /tmp/minio_downloads/accounts_144206008494.parquet -> @accounts stage
[2026-07-20T06:45:20.481+0000] {logging_mixin.py:188} INFO - Uploaded /tmp/minio_downloads/accounts_144206094658.parquet -> @accounts stage
[2026-07-20T06:45:20.754+0000] {logging_mixin.py:188} INFO - Uploaded /tmp/minio_downloads/accounts_115310126544.parquet -> @accounts stage
[2026-07-20T06:45:21.315+0000] {logging_mixin.py:188} INFO - Uploaded /tmp/minio_downloads/accounts_115311006475.parquet -> @accounts stage
[2026-07-20T06:45:21.618+0000] {logging_mixin.py:188} INFO - Data loaded into accounts
[2026-07-20T06:45:21.903+0000] {logging_mixin.py:188} INFO - Uploaded /tmp/minio_downloads/transactions_144205359683.parquet -> @transactions stage
[2026-07-20T06:45:22.159+0000] {logging_mixin.py:188} INFO - Uploaded /tmp/minio_downloads/transactions_144205455463.parquet -> @transactions stage
[2026-07-20T06:45:22.426+0000] {logging_mixin.py:188} INFO - Uploaded /tmp/minio_downloads/transactions_144205548980.parquet -> @transactions stage
[2026-07-20T06:45:22.682+0000] {logging_mixin.py:188} INFO - Uploaded /tmp/minio_downloads/transactions_144205623989.parquet -> @transactions stage
[2026-07-20T06:45:22.943+0000] {logging_mixin.py:188} INFO - Uploaded /tmp/minio_downloads/transactions_144205696904.parquet -> @transactions stage
[2026-07-20T06:45:23.184+0000] {logging_mixin.py:188} INFO - Uploaded /tmp/minio_downloads/transactions_115309842828.parquet -> @transactions stage
[2026-07-20T06:45:23.428+0000] {logging_mixin.py:188} INFO - Uploaded /tmp/minio_downloads/transactions_115310015497.parquet -> @transactions stage
[2026-07-20T06:45:23.677+0000] {logging_mixin.py:188} INFO - Uploaded /tmp/minio_downloads/transactions_115310611735.parquet -> @transactions stage
[2026-07-20T06:45:23.921+0000] {logging_mixin.py:188} INFO - Uploaded /tmp/minio_downloads/transactions_115310770984.parquet -> @transactions stage
[2026-07-20T06:45:24.164+0000] {logging_mixin.py:188} INFO - Uploaded /tmp/minio_downloads/transactions_115310850567.parquet -> @transactions stage
[2026-07-20T06:45:24.409+0000] {logging_mixin.py:188} INFO - Uploaded /tmp/minio_downloads/transactions_115310916075.parquet -> @transactions stage
[2026-07-20T06:45:24.714+0000] {logging_mixin.py:188} INFO - Data loaded into transactions
[2026-07-20T06:45:24.947+0000] {python.py:237} INFO - Done. Returned value was: None
[2026-07-20T06:45:24.948+0000] {taskinstance.py:441} INFO - ::group::Post task execution logs
[2026-07-20T06:45:24.964+0000] {taskinstance.py:1206} INFO - Marking task as SUCCESS. dag_id=minio_to_snowflake_banking, task_id=load_snowflake, run_id=scheduled__2026-07-20T06:44:00+00:00, execution_date=20260720T064400, start_date=20260720T064516, end_date=20260720T064524
[2026-07-20T06:45:25.032+0000] {local_task_job_runner.py:243} INFO - Task exited with return code 0
[2026-07-20T06:45:25.060+0000] {taskinstance.py:3503} INFO - 0 downstream tasks scheduled from follow-on schedule check
[2026-07-20T06:45:25.065+0000] {local_task_job_runner.py:222} INFO - ::endgroup::
