[2026-07-20T06:41:10.284+0000] {local_task_job_runner.py:120} INFO - ::group::Pre task execution logs
[2026-07-20T06:41:10.316+0000] {taskinstance.py:2076} INFO - Dependencies all met for dep_context=non-requeueable deps ti=<TaskInstance: minio_to_snowflake_banking.load_snowflake scheduled__2026-07-20T06:40:00+00:00 [queued]>
[2026-07-20T06:41:10.326+0000] {taskinstance.py:2076} INFO - Dependencies all met for dep_context=requeueable deps ti=<TaskInstance: minio_to_snowflake_banking.load_snowflake scheduled__2026-07-20T06:40:00+00:00 [queued]>
[2026-07-20T06:41:10.327+0000] {taskinstance.py:2306} INFO - Starting attempt 1 of 2
[2026-07-20T06:41:10.341+0000] {taskinstance.py:2330} INFO - Executing <Task(PythonOperator): load_snowflake> on 2026-07-20 06:40:00+00:00
[2026-07-20T06:41:10.350+0000] {standard_task_runner.py:90} INFO - Running: ['***', 'tasks', 'run', 'minio_to_snowflake_banking', 'load_snowflake', 'scheduled__2026-07-20T06:40:00+00:00', '--job-id', '159', '--raw', '--subdir', 'DAGS_FOLDER/minio_to_snowflake.py', '--cfg-path', '/tmp/tmp_j6sq4a4']
[2026-07-20T06:41:10.356+0000] {standard_task_runner.py:91} INFO - Job 159: Subtask load_snowflake
[2026-07-20T06:41:10.355+0000] {logging_mixin.py:188} WARNING - /home/***/.local/lib/python3.12/site-packages/***/task/task_runner/standard_task_runner.py:62 DeprecationWarning: This process (pid=13351) is multi-threaded, use of fork() may lead to deadlocks in the child.
[2026-07-20T06:41:10.357+0000] {standard_task_runner.py:64} INFO - Started process 13362 to run task
[2026-07-20T06:41:10.454+0000] {task_command.py:426} INFO - Running <TaskInstance: minio_to_snowflake_banking.load_snowflake scheduled__2026-07-20T06:40:00+00:00 [running]> on host a23c440024ac
[2026-07-20T06:41:10.593+0000] {taskinstance.py:2648} INFO - Exporting env vars: AIRFLOW_CTX_DAG_OWNER='***' AIRFLOW_CTX_DAG_ID='minio_to_snowflake_banking' AIRFLOW_CTX_TASK_ID='load_snowflake' AIRFLOW_CTX_EXECUTION_DATE='2026-07-20T06:40:00+00:00' AIRFLOW_CTX_TRY_NUMBER='1' AIRFLOW_CTX_DAG_RUN_ID='scheduled__2026-07-20T06:40:00+00:00'
[2026-07-20T06:41:10.595+0000] {taskinstance.py:430} INFO - ::endgroup::
[2026-07-20T06:41:11.037+0000] {connection.py:638} INFO - Snowflake Connector for Python Version: 4.6.0, Python Version: 3.12.4, Platform: Linux-6.6.87.2-microsoft-standard-WSL2-x86_64-with-glibc2.36
[2026-07-20T06:41:11.039+0000] {connection.py:1760} INFO - Connecting to GLOBAL Snowflake domain
[2026-07-20T06:41:15.406+0000] {connectionpool.py:869} WARNING - Retrying (Retry(total=0, connect=None, read=None, redirect=None, status=None)) after connection broken by 'NameResolutionError("HTTPSConnection(host='zh10796.ap-southeast-7.aws.snowflakecomputing.com', port=443): Failed to resolve 'zh10796.ap-southeast-7.aws.snowflakecomputing.com' ([Errno -5] No address associated with hostname)")': /session/v1/login-request?request_id=b0b5fccc-f526-4c32-9c44-d1559dce3afd&databaseName=banking&schemaName=RAW&warehouse=COMPUTE_WH&request_guid=0c8ca0e0-b7e3-40e8-aa16-f7bf6b3d4e6f
[2026-07-20T06:41:17.151+0000] {logging_mixin.py:188} INFO - Uploaded /tmp/minio_downloads/customers_144205759953.parquet -> @customers stage
[2026-07-20T06:41:17.412+0000] {logging_mixin.py:188} INFO - Uploaded /tmp/minio_downloads/customers_115310492559.parquet -> @customers stage
[2026-07-20T06:41:17.731+0000] {logging_mixin.py:188} INFO - Data loaded into customers
[2026-07-20T06:41:17.990+0000] {logging_mixin.py:188} INFO - Uploaded /tmp/minio_downloads/accounts_144206008494.parquet -> @accounts stage
[2026-07-20T06:41:18.240+0000] {logging_mixin.py:188} INFO - Uploaded /tmp/minio_downloads/accounts_144206094658.parquet -> @accounts stage
[2026-07-20T06:41:18.484+0000] {logging_mixin.py:188} INFO - Uploaded /tmp/minio_downloads/accounts_115310126544.parquet -> @accounts stage
[2026-07-20T06:41:18.707+0000] {logging_mixin.py:188} INFO - Uploaded /tmp/minio_downloads/accounts_115311006475.parquet -> @accounts stage
[2026-07-20T06:41:19.145+0000] {logging_mixin.py:188} INFO - Data loaded into accounts
[2026-07-20T06:41:19.411+0000] {logging_mixin.py:188} INFO - Uploaded /tmp/minio_downloads/transactions_144205359683.parquet -> @transactions stage
[2026-07-20T06:41:19.650+0000] {logging_mixin.py:188} INFO - Uploaded /tmp/minio_downloads/transactions_144205455463.parquet -> @transactions stage
[2026-07-20T06:41:19.875+0000] {logging_mixin.py:188} INFO - Uploaded /tmp/minio_downloads/transactions_144205548980.parquet -> @transactions stage
[2026-07-20T06:41:20.121+0000] {logging_mixin.py:188} INFO - Uploaded /tmp/minio_downloads/transactions_144205623989.parquet -> @transactions stage
[2026-07-20T06:41:20.351+0000] {logging_mixin.py:188} INFO - Uploaded /tmp/minio_downloads/transactions_144205696904.parquet -> @transactions stage
[2026-07-20T06:41:20.608+0000] {logging_mixin.py:188} INFO - Uploaded /tmp/minio_downloads/transactions_115309842828.parquet -> @transactions stage
[2026-07-20T06:41:20.856+0000] {logging_mixin.py:188} INFO - Uploaded /tmp/minio_downloads/transactions_115310015497.parquet -> @transactions stage
[2026-07-20T06:41:21.086+0000] {logging_mixin.py:188} INFO - Uploaded /tmp/minio_downloads/transactions_115310611735.parquet -> @transactions stage
[2026-07-20T06:41:21.323+0000] {logging_mixin.py:188} INFO - Uploaded /tmp/minio_downloads/transactions_115310770984.parquet -> @transactions stage
[2026-07-20T06:41:21.548+0000] {logging_mixin.py:188} INFO - Uploaded /tmp/minio_downloads/transactions_115310850567.parquet -> @transactions stage
[2026-07-20T06:41:21.773+0000] {logging_mixin.py:188} INFO - Uploaded /tmp/minio_downloads/transactions_115310916075.parquet -> @transactions stage
[2026-07-20T06:41:22.353+0000] {logging_mixin.py:188} INFO - Data loaded into transactions
[2026-07-20T06:41:22.556+0000] {python.py:237} INFO - Done. Returned value was: None
[2026-07-20T06:41:22.558+0000] {taskinstance.py:441} INFO - ::group::Post task execution logs
[2026-07-20T06:41:22.574+0000] {taskinstance.py:1206} INFO - Marking task as SUCCESS. dag_id=minio_to_snowflake_banking, task_id=load_snowflake, run_id=scheduled__2026-07-20T06:40:00+00:00, execution_date=20260720T064000, start_date=20260720T064110, end_date=20260720T064122
[2026-07-20T06:41:22.635+0000] {local_task_job_runner.py:243} INFO - Task exited with return code 0
[2026-07-20T06:41:22.656+0000] {taskinstance.py:3503} INFO - 0 downstream tasks scheduled from follow-on schedule check
[2026-07-20T06:41:22.659+0000] {local_task_job_runner.py:222} INFO - ::endgroup::
