[2026-07-20T11:01:01.024+0000] {local_task_job_runner.py:120} INFO - ::group::Pre task execution logs
[2026-07-20T11:01:01.069+0000] {taskinstance.py:2076} INFO - Dependencies all met for dep_context=non-requeueable deps ti=<TaskInstance: SCD2_snapshots.dbt_run_marts manual__2026-07-20T10:59:35.406934+00:00 [queued]>
[2026-07-20T11:01:01.076+0000] {taskinstance.py:2076} INFO - Dependencies all met for dep_context=requeueable deps ti=<TaskInstance: SCD2_snapshots.dbt_run_marts manual__2026-07-20T10:59:35.406934+00:00 [queued]>
[2026-07-20T11:01:01.077+0000] {taskinstance.py:2306} INFO - Starting attempt 2 of 2
[2026-07-20T11:01:01.096+0000] {taskinstance.py:2330} INFO - Executing <Task(BashOperator): dbt_run_marts> on 2026-07-20 10:59:35.406934+00:00
[2026-07-20T11:01:01.101+0000] {standard_task_runner.py:64} INFO - Started process 132 to run task
[2026-07-20T11:01:01.104+0000] {standard_task_runner.py:90} INFO - Running: ['***', 'tasks', 'run', 'SCD2_snapshots', 'dbt_run_marts', 'manual__2026-07-20T10:59:35.406934+00:00', '--job-id', '196', '--raw', '--subdir', 'DAGS_FOLDER/scd.py', '--cfg-path', '/tmp/tmpktg437f3']
[2026-07-20T11:01:01.108+0000] {standard_task_runner.py:91} INFO - Job 196: Subtask dbt_run_marts
[2026-07-20T11:01:01.197+0000] {task_command.py:426} INFO - Running <TaskInstance: SCD2_snapshots.dbt_run_marts manual__2026-07-20T10:59:35.406934+00:00 [running]> on host 05e5bffcd3e2
[2026-07-20T11:01:01.320+0000] {taskinstance.py:2648} INFO - Exporting env vars: AIRFLOW_CTX_DAG_OWNER='***' AIRFLOW_CTX_DAG_ID='SCD2_snapshots' AIRFLOW_CTX_TASK_ID='dbt_run_marts' AIRFLOW_CTX_EXECUTION_DATE='2026-07-20T10:59:35.406934+00:00' AIRFLOW_CTX_TRY_NUMBER='2' AIRFLOW_CTX_DAG_RUN_ID='manual__2026-07-20T10:59:35.406934+00:00'
[2026-07-20T11:01:01.321+0000] {taskinstance.py:430} INFO - ::endgroup::
[2026-07-20T11:01:01.340+0000] {subprocess.py:63} INFO - Tmp dir root location: /tmp
[2026-07-20T11:01:01.342+0000] {subprocess.py:75} INFO - Running command: ['/usr/bin/bash', '-c', 'cd /opt/***/banking_dbt && dbt run --select marts --profiles-dir /home/***/.dbt']
[2026-07-20T11:01:01.351+0000] {subprocess.py:86} INFO - Output:
[2026-07-20T11:01:03.949+0000] {subprocess.py:93} INFO - [0m11:01:03  Running with dbt=1.11.12
[2026-07-20T11:01:03.964+0000] {subprocess.py:93} INFO - [0m11:01:03  Encountered an error:
[2026-07-20T11:01:03.965+0000] {subprocess.py:93} INFO - Parsing Error
[2026-07-20T11:01:03.965+0000] {subprocess.py:93} INFO -   Env var required but not provided: 'SNOWFLAKE_ACCOUNT'
[2026-07-20T11:01:05.264+0000] {subprocess.py:97} INFO - Command exited with return code 2
[2026-07-20T11:01:05.265+0000] {taskinstance.py:441} INFO - ::group::Post task execution logs
[2026-07-20T11:01:05.415+0000] {taskinstance.py:2905} ERROR - Task failed with exception
Traceback (most recent call last):
  File "/home/airflow/.local/lib/python3.12/site-packages/airflow/models/taskinstance.py", line 465, in _execute_task
    result = _execute_callable(context=context, **execute_callable_kwargs)
             ^^^^^^^^^^^^^^^^^^^^^^^^^^^^^^^^^^^^^^^^^^^^^^^^^^^^^^^^^^^^^
  File "/home/airflow/.local/lib/python3.12/site-packages/airflow/models/taskinstance.py", line 432, in _execute_callable
    return execute_callable(context=context, **execute_callable_kwargs)
           ^^^^^^^^^^^^^^^^^^^^^^^^^^^^^^^^^^^^^^^^^^^^^^^^^^^^^^^^^^^^
  File "/home/airflow/.local/lib/python3.12/site-packages/airflow/models/baseoperator.py", line 401, in wrapper
    return func(self, *args, **kwargs)
           ^^^^^^^^^^^^^^^^^^^^^^^^^^^
  File "/home/airflow/.local/lib/python3.12/site-packages/airflow/operators/bash.py", line 243, in execute
    raise AirflowException(
airflow.exceptions.AirflowException: Bash command failed. The command returned a non-zero exit code 2.
[2026-07-20T11:01:05.418+0000] {taskinstance.py:1206} INFO - Marking task as FAILED. dag_id=SCD2_snapshots, task_id=dbt_run_marts, run_id=manual__2026-07-20T10:59:35.406934+00:00, execution_date=20260720T105935, start_date=20260720T110101, end_date=20260720T110105
[2026-07-20T11:01:05.433+0000] {standard_task_runner.py:110} ERROR - Failed to execute job 196 for task dbt_run_marts (Bash command failed. The command returned a non-zero exit code 2.; 132)
[2026-07-20T11:01:05.456+0000] {local_task_job_runner.py:243} INFO - Task exited with return code 1
[2026-07-20T11:01:05.478+0000] {taskinstance.py:3503} INFO - 0 downstream tasks scheduled from follow-on schedule check
[2026-07-20T11:01:05.483+0000] {local_task_job_runner.py:222} INFO - ::endgroup::
