[2026-07-20T06:35:05.141+0000] {local_task_job_runner.py:120} INFO - ::group::Pre task execution logs
[2026-07-20T06:35:05.173+0000] {taskinstance.py:2076} INFO - Dependencies all met for dep_context=non-requeueable deps ti=<TaskInstance: minio_to_snowflake_banking.download_minio scheduled__2026-07-20T06:34:00+00:00 [queued]>
[2026-07-20T06:35:05.183+0000] {taskinstance.py:2076} INFO - Dependencies all met for dep_context=requeueable deps ti=<TaskInstance: minio_to_snowflake_banking.download_minio scheduled__2026-07-20T06:34:00+00:00 [queued]>
[2026-07-20T06:35:05.184+0000] {taskinstance.py:2306} INFO - Starting attempt 1 of 2
[2026-07-20T06:35:05.197+0000] {taskinstance.py:2330} INFO - Executing <Task(PythonOperator): download_minio> on 2026-07-20 06:34:00+00:00
[2026-07-20T06:35:05.207+0000] {standard_task_runner.py:90} INFO - Running: ['***', 'tasks', 'run', 'minio_to_snowflake_banking', 'download_minio', 'scheduled__2026-07-20T06:34:00+00:00', '--job-id', '146', '--raw', '--subdir', 'DAGS_FOLDER/minio_to_snowflake.py', '--cfg-path', '/tmp/tmpdkboeq1f']
[2026-07-20T06:35:05.212+0000] {standard_task_runner.py:91} INFO - Job 146: Subtask download_minio
[2026-07-20T06:35:05.212+0000] {logging_mixin.py:188} WARNING - /home/***/.local/lib/python3.12/site-packages/***/task/task_runner/standard_task_runner.py:62 DeprecationWarning: This process (pid=12776) is multi-threaded, use of fork() may lead to deadlocks in the child.
[2026-07-20T06:35:05.213+0000] {standard_task_runner.py:64} INFO - Started process 12787 to run task
[2026-07-20T06:35:05.303+0000] {task_command.py:426} INFO - Running <TaskInstance: minio_to_snowflake_banking.download_minio scheduled__2026-07-20T06:34:00+00:00 [running]> on host a23c440024ac
[2026-07-20T06:35:05.441+0000] {taskinstance.py:2648} INFO - Exporting env vars: AIRFLOW_CTX_DAG_OWNER='***' AIRFLOW_CTX_DAG_ID='minio_to_snowflake_banking' AIRFLOW_CTX_TASK_ID='download_minio' AIRFLOW_CTX_EXECUTION_DATE='2026-07-20T06:34:00+00:00' AIRFLOW_CTX_TRY_NUMBER='1' AIRFLOW_CTX_DAG_RUN_ID='scheduled__2026-07-20T06:34:00+00:00'
[2026-07-20T06:35:05.444+0000] {taskinstance.py:430} INFO - ::endgroup::
[2026-07-20T06:35:05.881+0000] {logging_mixin.py:188} INFO - Downloaded customers/date=2026-07-15/customers_144205759953.parquet -> /tmp/minio_downloads/customers_144205759953.parquet
[2026-07-20T06:35:05.900+0000] {logging_mixin.py:188} INFO - Downloaded customers/date=2026-07-20/customers_115310492559.parquet -> /tmp/minio_downloads/customers_115310492559.parquet
[2026-07-20T06:35:05.952+0000] {logging_mixin.py:188} INFO - Downloaded accounts/date=2026-07-15/accounts_144206008494.parquet -> /tmp/minio_downloads/accounts_144206008494.parquet
[2026-07-20T06:35:05.971+0000] {logging_mixin.py:188} INFO - Downloaded accounts/date=2026-07-15/accounts_144206094658.parquet -> /tmp/minio_downloads/accounts_144206094658.parquet
[2026-07-20T06:35:05.991+0000] {logging_mixin.py:188} INFO - Downloaded accounts/date=2026-07-20/accounts_115310126544.parquet -> /tmp/minio_downloads/accounts_115310126544.parquet
[2026-07-20T06:35:06.010+0000] {logging_mixin.py:188} INFO - Downloaded accounts/date=2026-07-20/accounts_115311006475.parquet -> /tmp/minio_downloads/accounts_115311006475.parquet
[2026-07-20T06:35:06.093+0000] {logging_mixin.py:188} INFO - Downloaded transactions/date=2026-07-15/transactions_144205359683.parquet -> /tmp/minio_downloads/transactions_144205359683.parquet
[2026-07-20T06:35:06.113+0000] {logging_mixin.py:188} INFO - Downloaded transactions/date=2026-07-15/transactions_144205455463.parquet -> /tmp/minio_downloads/transactions_144205455463.parquet
[2026-07-20T06:35:06.132+0000] {logging_mixin.py:188} INFO - Downloaded transactions/date=2026-07-15/transactions_144205548980.parquet -> /tmp/minio_downloads/transactions_144205548980.parquet
[2026-07-20T06:35:06.153+0000] {logging_mixin.py:188} INFO - Downloaded transactions/date=2026-07-15/transactions_144205623989.parquet -> /tmp/minio_downloads/transactions_144205623989.parquet
[2026-07-20T06:35:06.172+0000] {logging_mixin.py:188} INFO - Downloaded transactions/date=2026-07-15/transactions_144205696904.parquet -> /tmp/minio_downloads/transactions_144205696904.parquet
[2026-07-20T06:35:06.193+0000] {logging_mixin.py:188} INFO - Downloaded transactions/date=2026-07-20/transactions_115309842828.parquet -> /tmp/minio_downloads/transactions_115309842828.parquet
[2026-07-20T06:35:06.215+0000] {logging_mixin.py:188} INFO - Downloaded transactions/date=2026-07-20/transactions_115310015497.parquet -> /tmp/minio_downloads/transactions_115310015497.parquet
[2026-07-20T06:35:06.236+0000] {logging_mixin.py:188} INFO - Downloaded transactions/date=2026-07-20/transactions_115310611735.parquet -> /tmp/minio_downloads/transactions_115310611735.parquet
[2026-07-20T06:35:06.259+0000] {logging_mixin.py:188} INFO - Downloaded transactions/date=2026-07-20/transactions_115310770984.parquet -> /tmp/minio_downloads/transactions_115310770984.parquet
[2026-07-20T06:35:06.280+0000] {logging_mixin.py:188} INFO - Downloaded transactions/date=2026-07-20/transactions_115310850567.parquet -> /tmp/minio_downloads/transactions_115310850567.parquet
[2026-07-20T06:35:06.299+0000] {logging_mixin.py:188} INFO - Downloaded transactions/date=2026-07-20/transactions_115310916075.parquet -> /tmp/minio_downloads/transactions_115310916075.parquet
[2026-07-20T06:35:06.300+0000] {python.py:237} INFO - Done. Returned value was: {'customers': ['/tmp/minio_downloads/customers_144205759953.parquet', '/tmp/minio_downloads/customers_115310492559.parquet'], 'accounts': ['/tmp/minio_downloads/accounts_144206008494.parquet', '/tmp/minio_downloads/accounts_144206094658.parquet', '/tmp/minio_downloads/accounts_115310126544.parquet', '/tmp/minio_downloads/accounts_115311006475.parquet'], 'transactions': ['/tmp/minio_downloads/transactions_144205359683.parquet', '/tmp/minio_downloads/transactions_144205455463.parquet', '/tmp/minio_downloads/transactions_144205548980.parquet', '/tmp/minio_downloads/transactions_144205623989.parquet', '/tmp/minio_downloads/transactions_144205696904.parquet', '/tmp/minio_downloads/transactions_115309842828.parquet', '/tmp/minio_downloads/transactions_115310015497.parquet', '/tmp/minio_downloads/transactions_115310611735.parquet', '/tmp/minio_downloads/transactions_115310770984.parquet', '/tmp/minio_downloads/transactions_115310850567.parquet', '/tmp/minio_downloads/transactions_115310916075.parquet']}
[2026-07-20T06:35:06.301+0000] {taskinstance.py:441} INFO - ::group::Post task execution logs
[2026-07-20T06:35:06.335+0000] {taskinstance.py:1206} INFO - Marking task as SUCCESS. dag_id=minio_to_snowflake_banking, task_id=download_minio, run_id=scheduled__2026-07-20T06:34:00+00:00, execution_date=20260720T063400, start_date=20260720T063505, end_date=20260720T063506
[2026-07-20T06:35:06.392+0000] {local_task_job_runner.py:243} INFO - Task exited with return code 0
[2026-07-20T06:35:06.417+0000] {taskinstance.py:3503} INFO - 1 downstream tasks scheduled from follow-on schedule check
[2026-07-20T06:35:06.422+0000] {local_task_job_runner.py:222} INFO - ::endgroup::
