[2026-07-20T11:09:46.422+0000] {local_task_job_runner.py:120} INFO - ::group::Pre task execution logs
[2026-07-20T11:09:46.473+0000] {taskinstance.py:2076} INFO - Dependencies all met for dep_context=non-requeueable deps ti=<TaskInstance: SCD2_snapshots.dbt_run_marts manual__2026-07-20T11:09:41.447382+00:00 [queued]>
[2026-07-20T11:09:46.506+0000] {taskinstance.py:2076} INFO - Dependencies all met for dep_context=requeueable deps ti=<TaskInstance: SCD2_snapshots.dbt_run_marts manual__2026-07-20T11:09:41.447382+00:00 [queued]>
[2026-07-20T11:09:46.507+0000] {taskinstance.py:2306} INFO - Starting attempt 1 of 2
[2026-07-20T11:09:46.547+0000] {taskinstance.py:2330} INFO - Executing <Task(BashOperator): dbt_run_marts> on 2026-07-20 11:09:41.447382+00:00
[2026-07-20T11:09:46.555+0000] {standard_task_runner.py:64} INFO - Started process 62 to run task
[2026-07-20T11:09:46.561+0000] {standard_task_runner.py:90} INFO - Running: ['***', 'tasks', 'run', 'SCD2_snapshots', 'dbt_run_marts', 'manual__2026-07-20T11:09:41.447382+00:00', '--job-id', '199', '--raw', '--subdir', 'DAGS_FOLDER/scd.py', '--cfg-path', '/tmp/tmpu7bvl0md']
[2026-07-20T11:09:46.566+0000] {standard_task_runner.py:91} INFO - Job 199: Subtask dbt_run_marts
[2026-07-20T11:09:46.715+0000] {task_command.py:426} INFO - Running <TaskInstance: SCD2_snapshots.dbt_run_marts manual__2026-07-20T11:09:41.447382+00:00 [running]> on host 6a28f8e5af82
[2026-07-20T11:09:46.924+0000] {taskinstance.py:2648} INFO - Exporting env vars: AIRFLOW_CTX_DAG_OWNER='***' AIRFLOW_CTX_DAG_ID='SCD2_snapshots' AIRFLOW_CTX_TASK_ID='dbt_run_marts' AIRFLOW_CTX_EXECUTION_DATE='2026-07-20T11:09:41.447382+00:00' AIRFLOW_CTX_TRY_NUMBER='1' AIRFLOW_CTX_DAG_RUN_ID='manual__2026-07-20T11:09:41.447382+00:00'
[2026-07-20T11:09:46.928+0000] {taskinstance.py:430} INFO - ::endgroup::
[2026-07-20T11:09:47.285+0000] {subprocess.py:63} INFO - Tmp dir root location: /tmp
[2026-07-20T11:09:47.287+0000] {subprocess.py:75} INFO - Running command: ['/usr/bin/bash', '-c', 'cd /opt/***/banking_dbt && dbt run --select marts --profiles-dir /home/***/.dbt']
[2026-07-20T11:09:47.299+0000] {subprocess.py:86} INFO - Output:
[2026-07-20T11:09:50.341+0000] {subprocess.py:93} INFO - [0m11:09:50  Running with dbt=1.11.12
[2026-07-20T11:09:51.609+0000] {subprocess.py:93} INFO - [0m11:09:51  Registered adapter: snowflake=1.11.6
[2026-07-20T11:09:51.958+0000] {subprocess.py:93} INFO - [0m11:09:51  Unable to do partial parsing because a project config has changed
[2026-07-20T11:09:54.154+0000] {subprocess.py:93} INFO - [0m11:09:54  [[33mWARNING[0m]: Configuration paths exist in your dbt_project.yml file which do not apply to any resources.
[2026-07-20T11:09:54.155+0000] {subprocess.py:93} INFO - There are 1 unused configuration paths:
[2026-07-20T11:09:54.155+0000] {subprocess.py:93} INFO - - models.dbt_banking.example
[2026-07-20T11:09:54.411+0000] {subprocess.py:93} INFO - [0m11:09:54  Found 6 models, 2 snapshots, 3 sources, 537 macros
[2026-07-20T11:09:54.414+0000] {subprocess.py:93} INFO - [0m11:09:54
[2026-07-20T11:09:54.416+0000] {subprocess.py:93} INFO - [0m11:09:54  Concurrency: 4 threads (target='dev')
[2026-07-20T11:09:54.418+0000] {subprocess.py:93} INFO - [0m11:09:54
[2026-07-20T11:09:59.089+0000] {subprocess.py:93} INFO - [0m11:09:59  1 of 3 START sql table model ANALYTICS.dim_accounts ............................ [RUN]
[2026-07-20T11:09:59.094+0000] {subprocess.py:93} INFO - [0m11:09:59  2 of 3 START sql table model ANALYTICS.dim_customers ........................... [RUN]
[2026-07-20T11:09:59.097+0000] {subprocess.py:93} INFO - [0m11:09:59  3 of 3 START sql incremental model ANALYTICS.fact_transactions ................. [RUN]
[2026-07-20T11:10:00.460+0000] {subprocess.py:93} INFO - [0m11:10:00  1 of 3 OK created sql table model ANALYTICS.dim_accounts ....................... [[32mSUCCESS 200[0m in 1.36s]
[2026-07-20T11:10:01.143+0000] {subprocess.py:93} INFO - [0m11:10:01  2 of 3 OK created sql table model ANALYTICS.dim_customers ...................... [[32mSUCCESS 100[0m in 2.04s]
[2026-07-20T11:10:02.996+0000] {subprocess.py:93} INFO - [0m11:10:02  3 of 3 OK created sql incremental model ANALYTICS.fact_transactions ............ [[32mSUCCESS 300[0m in 3.89s]
[2026-07-20T11:10:03.708+0000] {subprocess.py:93} INFO - [0m11:10:03
[2026-07-20T11:10:03.709+0000] {subprocess.py:93} INFO - [0m11:10:03  Finished running 1 incremental model, 2 table models in 0 hours 0 minutes and 9.29 seconds (9.29s).
[2026-07-20T11:10:03.847+0000] {subprocess.py:93} INFO - [0m11:10:03
[2026-07-20T11:10:03.848+0000] {subprocess.py:93} INFO - [0m11:10:03  [32mCompleted successfully[0m
[2026-07-20T11:10:03.850+0000] {subprocess.py:93} INFO - [0m11:10:03
[2026-07-20T11:10:03.851+0000] {subprocess.py:93} INFO - [0m11:10:03  Done. PASS=3 WARN=0 ERROR=0 SKIP=0 NO-OP=0 TOTAL=3
[2026-07-20T11:10:05.625+0000] {subprocess.py:97} INFO - Command exited with return code 0
[2026-07-20T11:10:05.626+0000] {taskinstance.py:441} INFO - ::group::Post task execution logs
[2026-07-20T11:10:05.671+0000] {taskinstance.py:1206} INFO - Marking task as SUCCESS. dag_id=SCD2_snapshots, task_id=dbt_run_marts, run_id=manual__2026-07-20T11:09:41.447382+00:00, execution_date=20260720T110941, start_date=20260720T110946, end_date=20260720T111005
[2026-07-20T11:10:05.715+0000] {local_task_job_runner.py:243} INFO - Task exited with return code 0
[2026-07-20T11:10:05.736+0000] {taskinstance.py:3503} INFO - 0 downstream tasks scheduled from follow-on schedule check
[2026-07-20T11:10:05.738+0000] {local_task_job_runner.py:222} INFO - ::endgroup::
